Component: ARM Compiler 6.16 Tool: armlink [5dfeaa00]

==============================================================================

Loading Objects.

Loading object BUILD/NUCLEO_F303K8/ARMC6/main.o.
Adding cpp init reference.              reference :  __cpp_initialize__aeabi_
              definition:  VFM
              reference :  Command_recognizer(mbed::CANMessage, std::__2::shared_ptr<Controller>)
              reference :  Controller::set_debug_mode(bool)
              reference :  Controller::set_motor_parameters(MotorParameters)
              reference :  Controller::set_controller_parameters(ControlStruct)
              reference :  Controller::update()
              reference :  Controller::Controller(PinName, PinName, PinName, PinName, PinName, PinName, PinName, PinName)
              weak defn :  Controller::~Controller__sub_object()
              weak defn :  ControlStruct::ControlStruct__sub_object()
              weak defn :  mbed::CANMessage::CANMessage__sub_object()
              weak defn :  mbed::DigitalOut::read()
              weak defn :  mbed::DigitalOut::write(int)
              weak defn :  mbed::DigitalOut::DigitalOut__sub_object(PinName)
              weak defn :  mbed::DigitalOut::operator=(int)
              weak defn :  mbed::DigitalOut::operator int()
              reference :  mbed::TickerBase::detach()
              weak defn :  mbed::TickerBase::~TickerBase__sub_object()
              reference :  mbed::TimerEvent::~TimerEvent__sub_object()
              reference :  mbed::CAN::read(mbed::CANMessage&, int)
              reference :  mbed::CAN::write(mbed::CANMessage)
              reference :  mbed::CAN::frequency(int)
              reference :  mbed::CAN::CAN(PinName, PinName)
              reference :  std::__2::__shared_weak_count::__get_deleter(std::type_info const&) const
              reference :  std::__2::__vector_base_common<true>::__throw_length_error() const
              weak defn :  std::__2::vector<std::__2::shared_ptr<Controller>, std::__2::allocator<std::__2::shared_ptr<Controller> > >::max_size() const
              weak defn :  std::__2::shared_ptr<Controller> std::__2::shared_ptr<Controller>::__create_with_control_block<Controller, std::__2::__shared_ptr_emplace<Controller, std::__2::allocator<Controller> > >(Controller*, std::__2::__shared_ptr_emplace<Controller, std::__2::allocator<Controller> >*)
              weak defn :  std::__2::shared_ptr<Controller>::~shared_ptr__sub_object()
              weak defn :  std::__2::shared_ptr<Map>::~shared_ptr__sub_object()
              weak defn :  std::__2::shared_ptr<PID>::~shared_ptr__sub_object()
              weak defn :  std::__2::shared_ptr<QEI>::~shared_ptr__sub_object()
              weak defn :  std::__2::shared_ptr<Motor>::~shared_ptr__sub_object()
              weak defn :  std::__2::shared_ptr<mbed::InterruptIn>::~shared_ptr__sub_object()
              weak defn :  std::__2::unique_ptr<std::__2::__hash_node<std::__2::__hash_value_type<int, std::__2::shared_ptr<Controller> >, void*>, std::__2::__hash_node_destructor<std::__2::allocator<std::__2::__hash_node<std::__2::__hash_value_type<int, std::__2::shared_ptr<Controller> >, void*> > > > std::__2::__hash_table<std::__2::__hash_value_type<int, std::__2::shared_ptr<Controller> >, std::__2::__unordered_map_hasher<int, std::__2::__hash_value_type<int, std::__2::shared_ptr<Controller> >, std::__2::hash<int>, std::__2::equal_to<int>, true>, std::__2::__unordered_map_equal<int, std::__2::__hash_value_type<int, std::__2::shared_ptr<Controller> >, std::__2::equal_to<int>, std::__2::hash<int>, true>, std::__2::allocator<std::__2::__hash_value_type<int, std::__2::shared_ptr<Controller> > > >::__construct_node_hash<std::__2::piecewise_construct_t const&, std::__2::tuple<int&&>, std::__2::tuple<> >(unsigned int, std::__2::piecewise_construct_t const&, std::__2::tuple<int&&>&&, std::__2::tuple<>&&)
              weak defn :  std::__2::unique_ptr<std::__2::__hash_node<std::__2::__hash_value_type<int, std::__2::shared_ptr<Controller> >, void*>, std::__2::__hash_node_destructor<std::__2::allocator<std::__2::__hash_node<std::__2::__hash_value_type<int, std::__2::shared_ptr<Controller> >, void*> > > > std::__2::__hash_table<std::__2::__hash_value_type<int, std::__2::shared_ptr<Controller> >, std::__2::__unordered_map_hasher<int, std::__2::__hash_value_type<int, std::__2::shared_ptr<Controller> >, std::__2::hash<int>, std::__2::equal_to<int>, true>, std::__2::__unordered_map_equal<int, std::__2::__hash_value_type<int, std::__2::shared_ptr<Controller> >, std::__2::equal_to<int>, std::__2::hash<int>, true>, std::__2::allocator<std::__2::__hash_value_type<int, std::__2::shared_ptr<Controller> > > >::__construct_node_hash<std::__2::piecewise_construct_t const&, std::__2::tuple<int const&>, std::__2::tuple<> >(unsigned int, std::__2::piecewise_construct_t const&, std::__2::tuple<int const&>&&, std::__2::tuple<>&&)
[...]
    0x08000dc2   0x00000002   PAD
    0x08000dc4   0x00000008   Code   RO         3963    .text.HAL_NVIC_SetPriorityGrouping  BUILD/NUCLEO_F303K8/ARMC6/mbed-os/targets/TARGET_STM/TARGET_STM32F3/STM32Cube_FW/STM32F3xx_HAL_Driver/stm32f3xx_hal_cortex.o
    0x08000dcc   0x00000012   Code   RO         4665    .text.HAL_PWR_EnableBkUpAccess  BUILD/NUCLEO_F303K8/ARMC6/mbed-os/targets/TARGET_STM/TARGET_STM32F3/STM32Cube_FW/STM32F3xx_HAL_Driver/stm32f3xx_hal_pwr.o
    0x08000dde   0x00000002   PAD
    0x08000de0   0x00000150   Code   RO         4717    .text.HAL_RCC_ClockConfig  BUILD/NUCLEO_F303K8/ARMC6/mbed-os/targets/TARGET_STM/TARGET_STM32F3/STM32Cube_FW/STM32F3xx_HAL_Driver/stm32f3xx_hal_rcc.o
    0x08000f30   0x00000042   Code   RO         4735    .text.HAL_RCC_GetClockConfig  BUILD/NUCLEO_F303K8/ARMC6/mbed-os/targets/TARGET_STM/TARGET_STM32F3/STM32Cube_FW/STM32F3xx_HAL_Driver/stm32f3xx_hal_rcc.o
    0x08000f72   0x00000002   PAD
    0x08000f74   0x0000000c   Code   RO         4727    .text.HAL_RCC_GetHCLKFreq  BUILD/NUCLEO_F303K8/ARMC6/mbed-os/targets/TARGET_STM/TARGET_STM32F3/STM32Cube_FW/STM32F3xx_HAL_Driver/stm32f3xx_hal_rcc.o
    0x08000f80   0x00000022   Code   RO         4729    .text.HAL_RCC_GetPCLK1Freq  BUILD/NUCLEO_F303K8/ARMC6/mbed-os/targets/TARGET_STM/TARGET_STM32F3/STM32Cube_FW/STM32F3xx_HAL_Driver/stm32f3xx_hal_rcc.o
    0x08000fa2   0x00000002   PAD
    0x08000fa4   0x00000022   Code   RO         4731    .text.HAL_RCC_GetPCLK2Freq  BUILD/NUCLEO_F303K8/ARMC6/mbed-os/targets/TARGET_STM/TARGET_STM32F3/STM32Cube_FW/STM32F3xx_HAL_Driver/stm32f3xx_hal_rcc.o
    0x08000fc6   0x00000002   PAD
    0x08000fc8   0x00000056   Code   RO         4719    .text.HAL_RCC_GetSysClockFreq  BUILD/NUCLEO_F303K8/ARMC6/mbed-os/targets/TARGET_STM/TARGET_STM32F3/STM32Cube_FW/STM32F3xx_HAL_Driver/stm32f3xx_hal_rcc.o
    0x0800101e   0x00000002   PAD
    0x08001020   0x00000314   Code   RO         4715    .text.HAL_RCC_OscConfig  BUILD/NUCLEO_F303K8/ARMC6/mbed-os/targets/TARGET_STM/TARGET_STM32F3/STM32Cube_FW/STM32F3xx_HAL_Driver/stm32f3xx_hal_rcc.o
    0x08001334   0x000000c8   Code   RO         5512    .text.HAL_TIMEx_PWMN_Start  BUILD/NUCLEO_F303K8/ARMC6/mbed-os/targets/TARGET_STM/TARGET_STM32F3/STM32Cube_FW/STM32F3xx_HAL_Driver/stm32f3xx_hal_tim_ex.o
    0x080013fc   0x00000062   Code   RO         5252    .text.HAL_TIM_OC_Init  BUILD/NUCLEO_F303K8/ARMC6/mbed-os/targets/TARGET_STM/TARGET_STM32F3/STM32Cube_FW/STM32F3xx_HAL_Driver/stm32f3xx_hal_tim.o
    0x0800145e   0x00000002   PAD
    0x08001460   0x00000002   Code   RO         5254    .text.HAL_TIM_OC_MspInit  BUILD/NUCLEO_F303K8/ARMC6/mbed-os/targets/TARGET_STM/TARGET_STM32F3/STM32Cube_FW/STM32F3xx_HAL_Driver/stm32f3xx_hal_tim.o
    0x08001462   0x00000002   PAD
    0x08001464   0x0000011e   Code   RO         5260    .text.HAL_TIM_OC_Start  BUILD/NUCLEO_F303K8/ARMC6/mbed-os/targets/TARGET_STM/TARGET_STM32F3/STM32Cube_FW/STM32F3xx_HAL_Driver/stm32f3xx_hal_tim.o
    0x08001582   0x00000002   PAD
    0x08001584   0x000000b8   Code   RO         5394    .text.HAL_TIM_PWM_ConfigChannel  BUILD/NUCLEO_F303K8/ARMC6/mbed-os/targets/TARGET_STM/TARGET_STM32F3/STM32Cube_FW/STM32F3xx_HAL_Driver/stm32f3xx_hal_tim.o
    0x0800163c   0x00000062   Code   RO         5278    .text.HAL_TIM_PWM_Init  BUILD/NUCLEO_F303K8/ARMC6/mbed-os/targets/TARGET_STM/TARGET_STM32F3/STM32Cube_FW/STM32F3xx_HAL_Driver/stm32f3xx_hal_tim.o
    0x0800169e   0x00000002   PAD
    0x080016a0   0x00000002   Code   RO         5280    .text.HAL_TIM_PWM_MspInit  BUILD/NUCLEO_F303K8/ARMC6/mbed-os/targets/TARGET_STM/TARGET_STM32F3/STM32Cube_FW/STM32F3xx_HAL_Driver/stm32f3xx_hal_tim.o
    0x080016a2   0x00000002   PAD
    0x080016a4   0x0000011e   Code   RO         5286    .text.HAL_TIM_PWM_Start  BUILD/NUCLEO_F303K8/ARMC6/mbed-os/targets/TARGET_STM/TARGET_STM32F3/STM32Cube_FW/STM32F3xx_HAL_Driver/stm32f3xx_hal_tim.o
    0x080017c2   0x00000002   PAD
    0x080017c4   0x0000005e   Code   RO         5614    .text.HAL_UART_Init  BUILD/NUCLEO_F303K8/ARMC6/mbed-os/targets/TARGET_STM/TARGET_STM32F3/STM32Cube_FW/STM32F3xx_HAL_Driver/stm32f3xx_hal_uart.o
    0x08001822   0x00000002   PAD
    0x08001824   0x00000002   Code   RO         5616    .text.HAL_UART_MspInit  BUILD/NUCLEO_F303K8/ARMC6/mbed-os/targets/TARGET_STM/TARGET_STM32F3/STM32Cube_FW/STM32F3xx_HAL_Driver/stm32f3xx_hal_uart.o
    0x08001826   0x00000002   PAD
    0x08001828   0x00000012   Code   RO         6872    .text.LL_EXTI_DisableFallingTrig_0_31  BUILD/NUCLEO_F303K8/ARMC6/mbed-os/targets/TARGET_STM/gpio_irq_api.o
    0x0800183a   0x00000002   PAD
    0x0800183c   0x00000012   Code   RO         6878    .text.LL_EXTI_DisableIT_0_31  BUILD/NUCLEO_F303K8/ARMC6/mbed-os/targets/TARGET_STM/gpio_irq_api.o
    0x0800184e   0x00000002   PAD
    0x08001850   0x00000012   Code   RO         6868    .text.LL_EXTI_DisableRisingTrig_0_31  BUILD/NUCLEO_F303K8/ARMC6/mbed-os/targets/TARGET_STM/gpio_irq_api.o
    0x08001862   0x00000002   PAD
    0x08001864   0x00000010   Code   RO         6870    .text.LL_EXTI_EnableFallingTrig_0_31  BUILD/NUCLEO_F303K8/ARMC6/mbed-os/targets/TARGET_STM/gpio_irq_api.o
    0x08001874   0x00000010   Code   RO         6874    .text.LL_EXTI_EnableIT_0_31  BUILD/NUCLEO_F303K8/ARMC6/mbed-os/targets/TARGET_STM/gpio_irq_api.o
    0x08001884   0x00000010   Code   RO         6866    .text.LL_EXTI_EnableRisingTrig_0_31  BUILD/NUCLEO_F303K8/ARMC6/mbed-os/targets/TARGET_STM/gpio_irq_api.o
    0x08001894   0x00000016   Code   RO         6886    .text.LL_EXTI_IsEnabledFallingTrig_0_31  BUILD/NUCLEO_F303K8/ARMC6/mbed-os/targets/TARGET_STM/gpio_irq_api.o
    0x080018aa   0x00000002   PAD
    0x080018ac   0x00000016   Code   RO         6888    .text.LL_EXTI_IsEnabledRisingTrig_0_31  BUILD/NUCLEO_F303K8/ARMC6/mbed-os/targets/TARGET_STM/gpio_irq_api.o
    0x080018c2   0x00000002   PAD
    0x080018c4   0x00000016   Code   RO         7073    .text.LL_GPIO_GetPinMode  BUILD/NUCLEO_F303K8/ARMC6/mbed-os/targets/TARGET_STM/pinmap.o
    0x080018da   0x00000002   PAD
    0x080018dc   0x00000020   Code   RO         7077    .text.LL_GPIO_SetAFPin_0_7  BUILD/NUCLEO_F303K8/ARMC6/mbed-os/targets/TARGET_STM/pinmap.o
    0x080018fc   0x00000022   Code   RO         7075    .text.LL_GPIO_SetAFPin_8_15  BUILD/NUCLEO_F303K8/ARMC6/mbed-os/targets/TARGET_STM/pinmap.o
    0x0800191e   0x00000002   PAD
    0x08001920   0x00000020   Code   RO         6830    .text.LL_GPIO_SetPinMode  BUILD/NUCLEO_F303K8/ARMC6/mbed-os/targets/TARGET_STM/gpio_api.o
    0x08001940   0x00000020   Code   RO         7065    .text.LL_GPIO_SetPinMode  BUILD/NUCLEO_F303K8/ARMC6/mbed-os/targets/TARGET_STM/pinmap.o
    0x08001960   0x0000000c   Code   RO         7067    .text.LL_GPIO_SetPinOutputType  BUILD/NUCLEO_F303K8/ARMC6/mbed-os/targets/TARGET_STM/pinmap.o
    0x0800196c   0x00000020   Code   RO         7079    .text.LL_GPIO_SetPinPull  BUILD/NUCLEO_F303K8/ARMC6/mbed-os/targets/TARGET_STM/pinmap.o
    0x0800198c   0x00000020   Code   RO         7061    .text.LL_GPIO_SetPinSpeed  BUILD/NUCLEO_F303K8/ARMC6/mbed-os/targets/TARGET_STM/pinmap.o
    0x080019ac   0x00000010   Code   RO         7046    .text.LL_RCC_LSE_IsReady  BUILD/NUCLEO_F303K8/ARMC6/mbed-os/targets/TARGET_STM/mbed_overrides.o
    0x080019bc   0x0000000e   Code   RO         7120    .text.LL_TIM_CC_IsEnabledChannel  BUILD/NUCLEO_F303K8/ARMC6/mbed-os/targets/TARGET_STM/pwmout_api.o
    0x080019ca   0x00000002   PAD
    0x080019cc   0x0000000a   Code   RO         7373    .text.LL_TIM_GenerateEvent_CC1  BUILD/NUCLEO_F303K8/ARMC6/mbed-os/targets/TARGET_STM/us_ticker.o
    0x080019d6   0x00000002   PAD
    0x080019d8   0x00000018   Code   RO         7048    .text.LSEDriveConfig  BUILD/NUCLEO_F303K8/ARMC6/mbed-os/targets/TARGET_STM/mbed_overrides.o
    0x080019f0   0x00000028   Code   RO         6598    .text.SetSysClock   BUILD/NUCLEO_F303K8/ARMC6/mbed-os/targets/TARGET_STM/TARGET_STM32F3/TARGET_STM32F303x8/system_clock.o
    0x08001a18   0x0000004c   Code   RO         6600    .text.SetSysClock_PLL_HSI  BUILD/NUCLEO_F303K8/ARMC6/mbed-os/targets/TARGET_STM/TARGET_STM32F3/TARGET_STM32F303x8/system_clock.o
    0x08001a64   0x00000104   Code   RO         6820    .text.Set_GPIO_Clock  BUILD/NUCLEO_F303K8/ARMC6/mbed-os/targets/TARGET_STM/gpio_api.o
    0x08001b68   0x00000068   Code   RO         6561    .text.SystemCoreClockUpdate  BUILD/NUCLEO_F303K8/ARMC6/mbed-os/targets/TARGET_STM/TARGET_STM32F3/STM32Cube_FW/system_stm32f3xx.o
    0x08001bd0   0x00000012   Code   RO         6559    .text.SystemInit    BUILD/NUCLEO_F303K8/ARMC6/mbed-os/targets/TARGET_STM/TARGET_STM32F3/STM32Cube_FW/system_stm32f3xx.o
    0x08001be2   0x00000002   PAD
    0x08001be4   0x000000b8   Code   RO         5228    .text.TIM_Base_SetConfig  BUILD/NUCLEO_F303K8/ARMC6/mbed-os/targets/TARGET_STM/TARGET_STM32F3/STM32Cube_FW/STM32F3xx_HAL_Driver/stm32f3xx_hal_tim.o
    0x08001c9c   0x00000024   Code   RO         5262    .text.TIM_CCxChannelCmd  BUILD/NUCLEO_F303K8/ARMC6/mbed-os/targets/TARGET_STM/TARGET_STM32F3/STM32Cube_FW/STM32F3xx_HAL_Driver/stm32f3xx_hal_tim.o
    0x08001cc0   0x00000024   Code   RO         5496    .text.TIM_CCxNChannelCmd  BUILD/NUCLEO_F303K8/ARMC6/mbed-os/targets/TARGET_STM/TARGET_STM32F3/STM32Cube_FW/STM32F3xx_HAL_Driver/stm32f3xx_hal_tim_ex.o
    0x08001ce4   0x00000044   Code   RO         7110    .text.TIM_ChannelConvert_HAL2LL  BUILD/NUCLEO_F303K8/ARMC6/mbed-os/targets/TARGET_STM/pwmout_api.o
    0x08001d28   0x0000007e   Code   RO         5372    .text.TIM_OC1_SetConfig  BUILD/NUCLEO_F303K8/ARMC6/mbed-os/targets/TARGET_STM/TARGET_STM32F3/STM32Cube_FW/STM32F3xx_HAL_Driver/stm32f3xx_hal_tim.o
    0x08001da6   0x00000002   PAD
    0x08001da8   0x00000086   Code   RO         5374    .text.TIM_OC2_SetConfig  BUILD/NUCLEO_F303K8/ARMC6/mbed-os/targets/TARGET_STM/TARGET_STM32F3/STM32Cube_FW/STM32F3xx_HAL_Driver/stm32f3xx_hal_tim.o
    0x08001e2e   0x00000002   PAD
    0x08001e30   0x00000088   Code   RO         5376    .text.TIM_OC3_SetConfig  BUILD/NUCLEO_F303K8/ARMC6/mbed-os/targets/TARGET_STM/TARGET_STM32F3/STM32Cube_FW/STM32F3xx_HAL_Driver/stm32f3xx_hal_tim.o
    0x08001eb8   0x00000060   Code   RO         5378    .text.TIM_OC4_SetConfig  BUILD/NUCLEO_F303K8/ARMC6/mbed-os/targets/TARGET_STM/TARGET_STM32F3/STM32Cube_FW/STM32F3xx_HAL_Driver/stm32f3xx_hal_tim.o
    0x08001f18   0x0000005e   Code   RO         5380    .text.TIM_OC5_SetConfig  BUILD/NUCLEO_F303K8/ARMC6/mbed-os/targets/TARGET_STM/TARGET_STM32F3/STM32Cube_FW/STM32F3xx_HAL_Driver/stm32f3xx_hal_tim.o
    0x08001f76   0x00000002   PAD
    0x08001f78   0x00000060   Code   RO         5382    .text.TIM_OC6_SetConfig  BUILD/NUCLEO_F303K8/ARMC6/mbed-os/targets/TARGET_STM/TARGET_STM32F3/STM32Cube_FW/STM32F3xx_HAL_Driver/stm32f3xx_hal_tim.o
    0x08001fd8   0x00000002   Code   RO         7042    .text.TargetBSP_Init  BUILD/NUCLEO_F303K8/ARMC6/mbed-os/targets/TARGET_STM/mbed_overrides.o
    0x08001fda   0x00000002   PAD
    0x08001fdc   0x000000e6   Code   RO         5620    .text.UART_AdvFeatureConfig  BUILD/NUCLEO_F303K8/ARMC6/mbed-os/targets/TARGET_STM/TARGET_STM32F3/STM32Cube_FW/STM32F3xx_HAL_Driver/stm32f3xx_hal_uart.o
    0x080020c2   0x00000002   PAD
    0x080020c4   0x0000006a   Code   RO         5622    .text.UART_CheckIdleState  BUILD/NUCLEO_F303K8/ARMC6/mbed-os/targets/TARGET_STM/TARGET_STM32F3/STM32Cube_FW/STM32F3xx_HAL_Driver/stm32f3xx_hal_uart.o
    0x0800212e   0x00000002   PAD
    0x08002130   0x0000015c   Code   RO         5618    .text.UART_SetConfig  BUILD/NUCLEO_F303K8/ARMC6/mbed-os/targets/TARGET_STM/TARGET_STM32F3/STM32Cube_FW/STM32F3xx_HAL_Driver/stm32f3xx_hal_uart.o
    0x0800228c   0x000000b0   Code   RO         5636    .text.UART_WaitOnFlagUntilTimeout  BUILD/NUCLEO_F303K8/ARMC6/mbed-os/targets/TARGET_STM/TARGET_STM32F3/STM32Cube_FW/STM32F3xx_HAL_Driver/stm32f3xx_hal_uart.o
    0x0800233c   0x00000020   Code   RO           24    .text._GLOBAL__sub_I_main.cpp  BUILD/NUCLEO_F303K8/ARMC6/main.o
    0x0800235c   0x00000012   Code   RO         7427    .text._Z13ExtractXBytesPKhPhii  BUILD/NUCLEO_F303K8/ARMC6/src/CAN_Communication.o
    0x0800236e   0x00000002   PAD
    0x08002370   0x00000030   Code   RO         7437    .text._Z15return_feedbackNSt3__210shared_ptrI10ControllerEEi  BUILD/NUCLEO_F303K8/ARMC6/src/CAN_Communication.o
    0x080023a0   0x000000a4   Code   RO         7435    .text._Z17Absolute_positionN4mbed10CANMessageENSt3__210shared_ptrI10ControllerEE  BUILD/NUCLEO_F303K8/ARMC6/src/CAN_Communication.o
    0x08002444   0x0000011c   Code   RO         7441    .text._Z18Command_recognizerN4mbed10CANMessageENSt3__210shared_ptrI10ControllerEE  BUILD/NUCLEO_F303K8/ARMC6/src/CAN_Communication.o
    0x08002560   0x00000006   Code   RO         7419    .text._Z19ConvertBytesToFloatRfPKh  BUILD/NUCLEO_F303K8/ARMC6/src/CAN_Communication.o
    0x08002566   0x00000002   PAD
    0x08002568   0x00000008   Code   RO         7421    .text._Z19ConvertFloatToBytesfPh  BUILD/NUCLEO_F303K8/ARMC6/src/CAN_Communication.o
    0x08002570   0x0000007e   Code   RO         7439    .text._Z20Incremental_positionN4mbed10CANMessageENSt3__210shared_ptrI10ControllerEE  BUILD/NUCLEO_F303K8/ARMC6/src/CAN_Communication.o
    0x080025ee   0x00000002   PAD
    0x080025f0   0x00000068   Code   RO         2691    .text._Z30core_util_atomic_load_explicitIhET_PKS0_17mbed_memory_order  BUILD/NUCLEO_F303K8/ARMC6/mbed-os/platform/source/mbed_retarget.o
    0x08002658   0x0000002e   Code   RO         7431    .text._Z4StopN4mbed10CANMessageENSt3__210shared_ptrI10ControllerEE  BUILD/NUCLEO_F303K8/ARMC6/src/CAN_Communication.o
    0x08002686   0x00000002   PAD
    0x08002688   0x00000098   Code   RO         7429    .text._Z5StartN4mbed10CANMessageENSt3__210shared_ptrI10ControllerEE  BUILD/NUCLEO_F303K8/ARMC6/src/CAN_Communication.o
    0x08002720   0x0000002e   Code   RO         7433    .text._Z9CalibrateN4mbed10CANMessageENSt3__210shared_ptrI10ControllerEE  BUILD/NUCLEO_F303K8/ARMC6/src/CAN_Communication.o
    0x0800274e   0x00000002   PAD
    0x08002750   0x00000010   Code   RO           22    .text._ZL10gpio_writeP6gpio_ti  BUILD/NUCLEO_F303K8/ARMC6/main.o
    0x08002760   0x00000034   Code   RO         2647    .text._ZL14do_serial_initv  BUILD/NUCLEO_F303K8/ARMC6/mbed-os/platform/source/mbed_retarget.o
    0x08002794   0x00000018   Code   RO         2553    .text._ZL19do_serial_init_oncev  BUILD/NUCLEO_F303K8/ARMC6/mbed-os/platform/source/mbed_retarget.o
    0x080027ac   0x0000000e   Code   RO           20    .text._ZL9gpio_readP6gpio_t  BUILD/NUCLEO_F303K8/ARMC6/main.o
    0x080027ba   0x00000002   PAD
    0x080027bc   0x0000000e   Code   RO          698    .text._ZL9gpio_readP6gpio_t  BUILD/NUCLEO_F303K8/ARMC6/mbed-os/drivers/source/InterruptIn.o
    0x080027ca   0x00000002   PAD
    0x080027cc   0x00000006   Code   RO         7476    .text._ZN10Controller14set_debug_modeEb  BUILD/NUCLEO_F303K8/ARMC6/src/Controller.o
    0x080027d2   0x00000002   PAD
    0x080027d4   0x00000114   Code   RO         7460    .text._ZN10Controller16stop_calibrationEv  BUILD/NUCLEO_F303K8/ARMC6/src/Controller.o
    0x080028e8   0x00000048   Code   RO         7470    .text._ZN10Controller17pulses_to_radiansEf  BUILD/NUCLEO_F303K8/ARMC6/src/Controller.o
    0x08002930   0x00000084   Code   RO         7468    .text._ZN10Controller17radians_to_pulsesEf  BUILD/NUCLEO_F303K8/ARMC6/src/Controller.o
    0x080029b4   0x00000004   PAD
    0x080029b8   0x00000070   Code   RO         7474    .text._ZN10Controller20set_motor_parametersE15MotorParameters  BUILD/NUCLEO_F303K8/ARMC6/src/Controller.o
    0x08002a28   0x00000012   Code   RO         7456    .text._ZN10Controller22update_actual_positionEf  BUILD/NUCLEO_F303K8/ARMC6/src/Controller.o
    0x08002a3a   0x00000002   PAD
    0x08002a3c   0x00000012   Code   RO         7466    .text._ZN10Controller23update_desired_positionEf  BUILD/NUCLEO_F303K8/ARMC6/src/Controller.o
    0x08002a4e   0x00000002   PAD
    0x08002a50   0x00000098   Code   RO         7472    .text._ZN10Controller25set_controller_parametersE13ControlStruct  BUILD/NUCLEO_F303K8/ARMC6/src/Controller.o
    0x08002ae8   0x00000048   Code   RO         7464    .text._ZN10Controller4stopEv  BUILD/NUCLEO_F303K8/ARMC6/src/Controller.o
    0x08002b30   0x00000008   Code   RO         7458    .text._ZN10Controller5startEv  BUILD/NUCLEO_F303K8/ARMC6/src/Controller.o
    0x08002b38   0x00000058   Code   RO         7454    .text._ZN10Controller6updateEv  BUILD/NUCLEO_F303K8/ARMC6/src/Controller.o
    0x08002b90   0x0000007c   Code   RO         7462    .text._ZN10Controller9calibrateEv  BUILD/NUCLEO_F303K8/ARMC6/src/Controller.o
    0x08002c0c   0x0000034c   Code   RO         7452    .text._ZN10ControllerC2E7PinNameS0_S0_S0_S0_S0_S0_S0_  BUILD/NUCLEO_F303K8/ARMC6/src/Controller.o
    0x08002f58   0x00000046   Code   RO           79    .text._ZN10ControllerD2Ev  BUILD/NUCLEO_F303K8/ARMC6/main.o
    0x08002f9e   0x00000002   PAD
    0x08002fa0   0x00000022   Code   RO           49    .text._ZN13ControlStructC2Ev  BUILD/NUCLEO_F303K8/ARMC6/main.o
    0x08002fc2   0x00000002   PAD
    0x08002fc4   0x0000000e   Code   RO         7485    .text._ZN15MotorParametersC2Ev  BUILD/NUCLEO_F303K8/ARMC6/src/Controller.o
    0x08002fd2   0x00000002   PAD
    0x08002fd4   0x0000002a   Code   RO         7593    .text._ZN3Map9CalculateEf  BUILD/NUCLEO_F303K8/ARMC6/src/Map.o
    0x08002ffe   0x00000002   PAD
    0x08003000   0x00000006   Code   RO         7591    .text._ZN3MapC2Effff  BUILD/NUCLEO_F303K8/ARMC6/src/Map.o
    0x08003006   0x00000002   PAD
    0x08003008   0x00000020   Code   RO         7629    .text._ZN3PID14set_parametersEffff  BUILD/NUCLEO_F303K8/ARMC6/src/PID.o
    0x08003028   0x00000022   Code   RO         7623    .text._ZN3PID4clipEfff  BUILD/NUCLEO_F303K8/ARMC6/src/PID.o
    0x0800304a   0x00000002   PAD
    0x0800304c   0x00000022   Code   RO         7621    .text._ZN3PID5startEv  BUILD/NUCLEO_F303K8/ARMC6/src/PID.o
    0x0800306e   0x00000002   PAD
    0x08003070   0x00000088   Code   RO         7639    .text._ZN3PID6sampleEv  BUILD/NUCLEO_F303K8/ARMC6/src/PID.o
    0x080030f8   0x0000005e   Code   RO         7619    .text._ZN3PIDC2EPfS0_S0_ffffff  BUILD/NUCLEO_F303K8/ARMC6/src/PID.o
    0x08003156   0x00000002   PAD
    0x08003158   0x0000000e   Code   RO         7501    .text._ZN3PIDD2Ev   BUILD/NUCLEO_F303K8/ARMC6/src/Controller.o
    0x08003166   0x00000002   PAD
    0x08003168   0x0000000c   Code   RO         7653    .text._ZN3QEI5indexEv  BUILD/NUCLEO_F303K8/ARMC6/src/QEI.o
    0x08003174   0x0000000c   Code   RO         7655    .text._ZN3QEI5resetEv  BUILD/NUCLEO_F303K8/ARMC6/src/QEI.o
    0x08003180   0x0000008c   Code   RO         7651    .text._ZN3QEI6encodeEv  BUILD/NUCLEO_F303K8/ARMC6/src/QEI.o
    0x0800320c   0x00000006   Code   RO         7659    .text._ZN3QEI9getPulsesEv  BUILD/NUCLEO_F303K8/ARMC6/src/QEI.o
    0x08003212   0x00000002   PAD
    0x08003214   0x000000fa   Code   RO         7649    .text._ZN3QEIC2E7PinNameS0_S0_iNS_8EncodingE  BUILD/NUCLEO_F303K8/ARMC6/src/QEI.o
    0x0800330e   0x00000002   PAD
    0x08003310   0x0000001c   Code   RO         7517    .text._ZN3QEID2Ev   BUILD/NUCLEO_F303K8/ARMC6/src/Controller.o
    0x0800332c   0x00000012   Code   RO           51    .text._ZN4mbed10CANMessageC2Ev  BUILD/NUCLEO_F303K8/ARMC6/main.o
    0x0800333e   0x00000002   PAD
    0x08003340   0x00000008   Code   RO           63    .text._ZN4mbed10DigitalOut4readEv  BUILD/NUCLEO_F303K8/ARMC6/main.o
    0x08003348   0x00000008   Code   RO           65    .text._ZN4mbed10DigitalOut5writeEi  BUILD/NUCLEO_F303K8/ARMC6/main.o
    0x08003350   0x0000001e   Code   RO           47    .text._ZN4mbed10DigitalOutC2E7PinName  BUILD/NUCLEO_F303K8/ARMC6/main.o
    0x0800336e   0x00000002   PAD
    0x08003370   0x0000000c   Code   RO           59    .text._ZN4mbed10DigitalOutaSEi  BUILD/NUCLEO_F303K8/ARMC6/main.o
    0x0800337c   0x00000008   Code   RO           57    .text._ZN4mbed10DigitalOutcviEv  BUILD/NUCLEO_F303K8/ARMC6/main.o
    0x08003384   0x0000003c   Code   RO         1108    .text._ZN4mbed10TickerBase6detachEv  BUILD/NUCLEO_F303K8/ARMC6/mbed-os/drivers/source/Ticker.o
    0x080033c0   0x00000036   Code   RO         1114    .text._ZN4mbed10TickerBase7handlerEv  BUILD/NUCLEO_F303K8/ARMC6/mbed-os/drivers/source/Ticker.o
    0x080033f6   0x00000002   PAD
    0x080033f8   0x0000002c   Code   RO         1106    .text._ZN4mbed10TickerBaseC2EPK13ticker_data_tb  BUILD/NUCLEO_F303K8/ARMC6/mbed-os/drivers/source/Ticker.o
    0x08003424   0x0000001e   Code   RO           81    .text._ZN4mbed10TickerBaseD2Ev  BUILD/NUCLEO_F303K8/ARMC6/main.o
    0x08003442   0x00000002   PAD
    0x08003444   0x00000018   Code   RO         1216    .text._ZN4mbed10TimerEvent15insert_absoluteENSt3__26chrono10time_pointINS_15TickerDataClockENS2_8durationIxNS1_5ratioILx1ELx1000000EEEEEEE  BUILD/NUCLEO_F303K8/ARMC6/mbed-os/drivers/source/TimerEvent.o
    0x0800345c   0x0000000a   Code   RO         1206    .text._ZN4mbed10TimerEvent3irqEj  BUILD/NUCLEO_F303K8/ARMC6/mbed-os/drivers/source/TimerEvent.o
    0x08003466   0x00000002   PAD
    0x08003468   0x00000012   Code   RO         1210    .text._ZN4mbed10TimerEvent6removeEv  BUILD/NUCLEO_F303K8/ARMC6/mbed-os/drivers/source/TimerEvent.o
    0x0800347a   0x00000002   PAD
    0x0800347c   0x00000032   Code   RO         1204    .text._ZN4mbed10TimerEventC2EPK13ticker_data_t  BUILD/NUCLEO_F303K8/ARMC6/mbed-os/drivers/source/TimerEvent.o
    0x080034ae   0x00000002   PAD
    0x080034b0   0x0000001a   Code   RO         1208    .text._ZN4mbed10TimerEventD2Ev  BUILD/NUCLEO_F303K8/ARMC6/mbed-os/drivers/source/TimerEvent.o
    0x080034ca   0x00000002   PAD
    0x080034cc   0x00000036   Code   RO          690    .text._ZN4mbed11InterruptIn12_irq_handlerEj14gpio_irq_event  BUILD/NUCLEO_F303K8/ARMC6/mbed-os/drivers/source/InterruptIn.o
    0x08003502   0x00000002   PAD
    0x08003504   0x0000004a   Code   RO          704    .text._ZN4mbed11InterruptIn4fallENS_8CallbackIFvvEEE  BUILD/NUCLEO_F303K8/ARMC6/mbed-os/drivers/source/InterruptIn.o
    0x0800354e   0x00000002   PAD
    0x08003550   0x0000000a   Code   RO          696    .text._ZN4mbed11InterruptIn4readEv  BUILD/NUCLEO_F303K8/ARMC6/mbed-os/drivers/source/InterruptIn.o
    0x0800355a   0x00000002   PAD
    0x0800355c   0x0000004a   Code   RO          702    .text._ZN4mbed11InterruptIn4riseENS_8CallbackIFvvEEE  BUILD/NUCLEO_F303K8/ARMC6/mbed-os/drivers/source/InterruptIn.o
    0x080035a6   0x00000002   PAD
    0x080035a8   0x00000014   Code   RO          686    .text._ZN4mbed11InterruptIn8irq_initE7PinName  BUILD/NUCLEO_F303K8/ARMC6/mbed-os/drivers/source/InterruptIn.o
    0x080035bc   0x00000048   Code   RO          684    .text._ZN4mbed11InterruptInC2E7PinName  BUILD/NUCLEO_F303K8/ARMC6/mbed-os/drivers/source/InterruptIn.o
    0x08003604   0x0000000c   Code   RO          694    .text._ZN4mbed11InterruptInD0Ev  BUILD/NUCLEO_F303K8/ARMC6/mbed-os/drivers/source/InterruptIn.o
    0x08003610   0x0000001e   Code   RO          692    .text._ZN4mbed11InterruptInD2Ev  BUILD/NUCLEO_F303K8/ARMC6/mbed-os/drivers/source/InterruptIn.o
    0x0800362e   0x00000002   PAD
    0x08003630   0x0000000a   Code   RO         1134    .text._ZN4mbed14get_time_pointERK14ticker_event_s  BUILD/NUCLEO_F303K8/ARMC6/mbed-os/drivers/source/Ticker.o
    0x0800363a   0x00000002   PAD
    0x0800363c   0x0000000a   Code   RO         1227    .text._ZN4mbed15TickerDataClock11set_handlerEPFvjE  BUILD/NUCLEO_F303K8/ARMC6/mbed-os/drivers/source/TimerEvent.o
    0x08003646   0x00000002   PAD
    0x08003648   0x00000016   Code   RO         1231    .text._ZN4mbed15TickerDataClock12insert_eventEP14ticker_event_sNSt3__26chrono10time_pointIS0_NS4_8durationIxNS3_5ratioILx1ELx1000000EEEEEEEj  BUILD/NUCLEO_F303K8/ARMC6/mbed-os/drivers/source/TimerEvent.o
    0x0800365e   0x00000002   PAD
    0x08003660   0x0000000a   Code   RO         1233    .text._ZN4mbed15TickerDataClock12remove_eventEP14ticker_event_s  BUILD/NUCLEO_F303K8/ARMC6/mbed-os/drivers/source/TimerEvent.o
    0x0800366a   0x00000002   PAD
    0x0800366c   0x00000004   Code   RO         1195    .text._ZN4mbed15TickerDataClockC2EPK13ticker_data_t  BUILD/NUCLEO_F303K8/ARMC6/mbed-os/drivers/source/Timer.o
    0x08003670   0x0000000c   Code   RO         1791    .text._ZN4mbed19CriticalSectionLockC2Ev  BUILD/NUCLEO_F303K8/ARMC6/mbed-os/platform/source/CriticalSectionLock.o
    0x0800367c   0x0000000c   Code   RO         1793    .text._ZN4mbed19CriticalSectionLockD2Ev  BUILD/NUCLEO_F303K8/ARMC6/mbed-os/platform/source/CriticalSectionLock.o
    0x08003688   0x0000001a   Code   RO         2551    .text._ZN4mbed20minimal_console_putcEi  BUILD/NUCLEO_F303K8/ARMC6/mbed-os/platform/source/mbed_retarget.o
    0x080036a2   0x00000002   PAD
    0x080036a4   0x0000001e   Code   RO          474    .text._ZN4mbed3CAN12_irq_handlerEj10CanIrqType  BUILD/NUCLEO_F303K8/ARMC6/mbed-os/drivers/source/CAN.o
    0x080036c2   0x00000002   PAD
    0x080036c4   0x0000000a   Code   RO          506    .text._ZN4mbed3CAN4lockEv  BUILD/NUCLEO_F303K8/ARMC6/mbed-os/drivers/source/CAN.o
    0x080036ce   0x00000002   PAD
    0x080036d0   0x00000028   Code   RO          492    .text._ZN4mbed3CAN4readERNS_10CANMessageEi  BUILD/NUCLEO_F303K8/ARMC6/mbed-os/drivers/source/CAN.o
    0x080036f8   0x00000044   Code   RO          490    .text._ZN4mbed3CAN5writeENS_10CANMessageE  BUILD/NUCLEO_F303K8/ARMC6/mbed-os/drivers/source/CAN.o
    0x0800373c   0x0000006c   Code   RO          484    .text._ZN4mbed3CAN6attachENS_8CallbackIFvvEEENS_9interface3can7IrqTypeE  BUILD/NUCLEO_F303K8/ARMC6/mbed-os/drivers/source/CAN.o
    0x080037a8   0x0000000a   Code   RO          508    .text._ZN4mbed3CAN6unlockEv  BUILD/NUCLEO_F303K8/ARMC6/mbed-os/drivers/source/CAN.o
    0x080037b2   0x00000002   PAD
    0x080037b4   0x00000024   Code   RO          488    .text._ZN4mbed3CAN9frequencyEi  BUILD/NUCLEO_F303K8/ARMC6/mbed-os/drivers/source/CAN.o
    0x080037d8   0x00000058   Code   RO          472    .text._ZN4mbed3CANC2E7PinNameS1_  BUILD/NUCLEO_F303K8/ARMC6/mbed-os/drivers/source/CAN.o
    0x08003830   0x0000000c   Code   RO          486    .text._ZN4mbed3CAND0Ev  BUILD/NUCLEO_F303K8/ARMC6/mbed-os/drivers/source/CAN.o
    0x0800383c   0x00000054   Code   RO          482    .text._ZN4mbed3CAND2Ev  BUILD/NUCLEO_F303K8/ARMC6/mbed-os/drivers/source/CAN.o
    0x08003890   0x00000016   Code   RO          851    .text._ZN4mbed6PwmOut15lock_deep_sleepEv  BUILD/NUCLEO_F303K8/ARMC6/mbed-os/drivers/source/PwmOut.o
    0x080038a6   0x00000002   PAD
    0x080038a8   0x00000016   Code   RO          853    .text._ZN4mbed6PwmOut17unlock_deep_sleepEv  BUILD/NUCLEO_F303K8/ARMC6/mbed-os/drivers/source/PwmOut.o
    0x080038be   0x00000002   PAD
    0x080038c0   0x0000002c   Code   RO          819    .text._ZN4mbed6PwmOut4initEv  BUILD/NUCLEO_F303K8/ARMC6/mbed-os/drivers/source/PwmOut.o
    0x080038ec   0x00000024   Code   RO          827    .text._ZN4mbed6PwmOut5writeEf  BUILD/NUCLEO_F303K8/ARMC6/mbed-os/drivers/source/PwmOut.o
    0x08003910   0x00000022   Code   RO          825    .text._ZN4mbed6PwmOut6deinitEv  BUILD/NUCLEO_F303K8/ARMC6/mbed-os/drivers/source/PwmOut.o
    0x08003932   0x00000002   PAD
    0x08003934   0x00000024   Code   RO          831    .text._ZN4mbed6PwmOut6periodEf  BUILD/NUCLEO_F303K8/ARMC6/mbed-os/drivers/source/PwmOut.o
    0x08003958   0x0000001c   Code   RO          817    .text._ZN4mbed6PwmOutC2E7PinName  BUILD/NUCLEO_F303K8/ARMC6/mbed-os/drivers/source/PwmOut.o
    0x08003974   0x0000000c   Code   RO          823    .text._ZN4mbed6PwmOutD2Ev  BUILD/NUCLEO_F303K8/ARMC6/mbed-os/drivers/source/PwmOut.o
    0x08003980   0x0000000c   Code   RO         7616    .text._ZN4mbed6PwmOutaSEf  BUILD/NUCLEO_F303K8/ARMC6/src/Motor.o
    0x0800398c   0x00000024   Code   RO         1122    .text._ZN4mbed6TickerC2Ev  BUILD/NUCLEO_F303K8/ARMC6/mbed-os/drivers/source/Ticker.o
    0x080039b0   0x0000000c   Code   RO          522    .text._ZN4mbed6detail12CallbackBase5clearEv  BUILD/NUCLEO_F303K8/ARMC6/mbed-os/drivers/source/CAN.o
    0x080039bc   0x00000004   Code   RO          524    .text._ZN4mbed6detail12CallbackBase7controlEv  BUILD/NUCLEO_F303K8/ARMC6/mbed-os/drivers/source/CAN.o
    0x080039c0   0x00000002   Code   RO          520    .text._ZN4mbed6detail12CallbackBase7destroyEv  BUILD/NUCLEO_F303K8/ARMC6/mbed-os/drivers/source/CAN.o
    0x080039c2   0x00000002   PAD
    0x080039c4   0x00000006   Code   RO          312    .text._ZN4mbed6detail12CallbackBaseC2EDn  BUILD/NUCLEO_F303K8/ARMC6/mbed-os/drivers/source/BufferedSerial.o
    0x080039ca   0x00000002   PAD
    0x080039cc   0x00000008   Code   RO         7579    .text._ZN4mbed6detail8invoke_rIvRKM10ControllerFvvEJRKPS2_ELi0EEET_OT0_DpOT1_  BUILD/NUCLEO_F303K8/ARMC6/src/Controller.o
    0x080039d4   0x00000008   Code   RO         7686    .text._ZN4mbed6detail8invoke_rIvRKM3QEIFvvEJRKPS2_ELi0EEET_OT0_DpOT1_  BUILD/NUCLEO_F303K8/ARMC6/src/QEI.o
    0x080039dc   0x00000008   Code   RO         7571    .text._ZN4mbed6detail8invoke_rIvRZNS_8CallbackIFvvEEC1IP10ControllerMS6_FvvELi0EEET_T0_EUlvE_JELi0EEESA_OSB_DpOT1_  BUILD/NUCLEO_F303K8/ARMC6/src/Controller.o
    0x080039e4   0x00000008   Code   RO         7678    .text._ZN4mbed6detail8invoke_rIvRZNS_8CallbackIFvvEEC1IP3QEIMS6_FvvELi0EEET_T0_EUlvE_JELi0EEESA_OSB_DpOT1_  BUILD/NUCLEO_F303K8/ARMC6/src/QEI.o
    0x080039ec   0x00000008   Code   RO         7569    .text._ZN4mbed8CallbackIFvvEE11target_callIZNS2_C1IP10ControllerMS5_FvvELi0EEET_T0_EUlvE_EEvPKNS_6detail12CallbackBaseE  BUILD/NUCLEO_F303K8/ARMC6/src/Controller.o
    0x080039f4   0x00000008   Code   RO         7676    .text._ZN4mbed8CallbackIFvvEE11target_callIZNS2_C1IP3QEIMS5_FvvELi0EEET_T0_EUlvE_EEvPKNS_6detail12CallbackBaseE  BUILD/NUCLEO_F303K8/ARMC6/src/QEI.o
    0x080039fc   0x00000018   Code   RO         7567    .text._ZN4mbed8CallbackIFvvEE8generateIZNS2_C1IP10ControllerMS5_FvvELi0EEET_T0_EUlvE_vEEvOS9_  BUILD/NUCLEO_F303K8/ARMC6/src/Controller.o
    0x08003a14   0x00000018   Code   RO         7674    .text._ZN4mbed8CallbackIFvvEE8generateIZNS2_C1IP3QEIMS5_FvvELi0EEET_T0_EUlvE_vEEvOS9_  BUILD/NUCLEO_F303K8/ARMC6/src/QEI.o
    0x08003a2c   0x00000008   Code   RO          296    .text._ZN4mbed8CallbackIFvvEEC2EDn  BUILD/NUCLEO_F303K8/ARMC6/mbed-os/drivers/source/BufferedSerial.o
    0x08003a34   0x0000000a   Code   RO          274    .text._ZN4mbed8CallbackIFvvEEC2Ev  BUILD/NUCLEO_F303K8/ARMC6/mbed-os/drivers/source/BufferedSerial.o
    0x08003a3e   0x00000002   PAD
    0x08003a40   0x00000022   Code   RO         7565    .text._ZN4mbed8CallbackIFvvEEC2IP10ControllerMS4_FvvELi0EEET_T0_  BUILD/NUCLEO_F303K8/ARMC6/src/Controller.o
    0x08003a62   0x00000002   PAD
    0x08003a64   0x00000022   Code   RO         7672    .text._ZN4mbed8CallbackIFvvEEC2IP3QEIMS4_FvvELi0EEET_T0_  BUILD/NUCLEO_F303K8/ARMC6/src/QEI.o
    0x08003a86   0x00000002   PAD
    0x08003a88   0x00000012   Code   RO          518    .text._ZN4mbed8CallbackIFvvEEaSEDn  BUILD/NUCLEO_F303K8/ARMC6/mbed-os/drivers/source/CAN.o
    0x08003a9a   0x00000002   PAD
    0x08003a9c   0x00000008   Code   RO         7487    .text._ZN4mbed8callbackI10ControllerS1_vJEEENS_8CallbackIFT1_DpT2_EEEPT0_MT_FS3_S5_E  BUILD/NUCLEO_F303K8/ARMC6/src/Controller.o
    0x08003aa4   0x00000008   Code   RO         7670    .text._ZN4mbed8callbackI3QEIS1_vJEEENS_8CallbackIFT1_DpT2_EEEPT0_MT_FS3_S5_E  BUILD/NUCLEO_F303K8/ARMC6/src/QEI.o
    0x08003aac   0x00000016   Code   RO         7583    .text._ZN4mstd4impl6INVOKEI10ControllerFvvERKPS2_JEEENSt3__29enable_ifIXaaaasr3std11is_functionIT0_EE5valuentsr3std10is_base_ofIT_NS7_5decayIT1_E4typeEEE5valuentsr20is_reference_wrapperISE_EE5valueEDTcldsdeclsr3stdE7forwardISC_Efp0_Efp_spclsr3stdE7forwardIT2_Efp1_EEEE4typeEMSA_S9_OSC_DpOSF_  BUILD/NUCLEO_F303K8/ARMC6/src/Controller.o
    0x08003ac2   0x00000002   PAD
    0x08003ac4   0x00000016   Code   RO         7690    .text._ZN4mstd4impl6INVOKEI3QEIFvvERKPS2_JEEENSt3__29enable_ifIXaaaasr3std11is_functionIT0_EE5valuentsr3std10is_base_ofIT_NS7_5decayIT1_E4typeEEE5valuentsr20is_reference_wrapperISE_EE5valueEDTcldsdeclsr3stdE7forwardISC_Efp0_Efp_spclsr3stdE7forwardIT2_Efp1_EEEE4typeEMSA_S9_OSC_DpOSF_  BUILD/NUCLEO_F303K8/ARMC6/src/QEI.o
    0x08003ada   0x00000002   PAD
    0x08003adc   0x00000006   Code   RO         2695    .text._ZN4mstd4impl6INVOKEIRFvvEJEEENSt3__29enable_ifIXoontsr3std17is_member_pointerINS4_5decayIT_E4typeEEE5valueaasr3std24is_member_object_pointerIS9_EE5valuenesZfp0_Li1EEDTclclsr3stdE7forwardIS7_Efp_Espclsr3stdE7forwardIT0_Efp0_EEEE4typeEOS7_DpOSA_  BUILD/NUCLEO_F303K8/ARMC6/mbed-os/platform/source/mbed_retarget.o
    0x08003ae2   0x00000002   PAD
    0x08003ae4   0x00000008   Code   RO         7575    .text._ZN4mstd4impl6INVOKEIRZN4mbed8CallbackIFvvEEC1IP10ControllerMS7_FvvELi0EEET_T0_EUlvE_JEEENSt3__29enable_ifIXoontsr3std17is_member_pointerINSF_5decayISB_E4typeEEE5valueaasr3std24is_member_object_pointerISJ_EE5valuenesZfp0_Li1EEDTclclsr3stdE7forwardISB_Efp_Espclsr3stdE7forwardIT0_Efp0_EEEE4typeEOSB_DpOSK_  BUILD/NUCLEO_F303K8/ARMC6/src/Controller.o
    0x08003aec   0x00000008   Code   RO         7682    .text._ZN4mstd4impl6INVOKEIRZN4mbed8CallbackIFvvEEC1IP3QEIMS7_FvvELi0EEET_T0_EUlvE_JEEENSt3__29enable_ifIXoontsr3std17is_member_pointerINSF_5decayISB_E4typeEEE5valueaasr3std24is_member_object_pointerISJ_EE5valuenesZfp0_Li1EEDTclclsr3stdE7forwardISB_Efp_Espclsr3stdE7forwardIT0_Efp0_EEEE4typeEOSB_DpOSK_  BUILD/NUCLEO_F303K8/ARMC6/src/QEI.o
    0x08003af4   0x00000008   Code   RO         2693    .text._ZN4mstd6invokeIRFvvEJEEENS_13invoke_resultIT_JDpT0_EE4typeEOS4_DpOS5_  BUILD/NUCLEO_F303K8/ARMC6/mbed-os/platform/source/mbed_retarget.o
    0x08003afc   0x00000014   Code   RO         7581    .text._ZN4mstd6invokeIRKM10ControllerFvvEJRKPS1_EEENS_13invoke_resultIT_JDpT0_EE4typeEOSA_DpOSB_  BUILD/NUCLEO_F303K8/ARMC6/src/Controller.o
    0x08003b10   0x00000014   Code   RO         7688    .text._ZN4mstd6invokeIRKM3QEIFvvEJRKPS1_EEENS_13invoke_resultIT_JDpT0_EE4typeEOSA_DpOSB_  BUILD/NUCLEO_F303K8/ARMC6/src/QEI.o
    0x08003b24   0x00000008   Code   RO         7573    .text._ZN4mstd6invokeIRZN4mbed8CallbackIFvvEEC1IP10ControllerMS6_FvvELi0EEET_T0_EUlvE_JEEENS_13invoke_resultISA_JDpT0_EE4typeEOSA_DpOSF_  BUILD/NUCLEO_F303K8/ARMC6/src/Controller.o
    0x08003b2c   0x00000008   Code   RO         7680    .text._ZN4mstd6invokeIRZN4mbed8CallbackIFvvEEC1IP3QEIMS6_FvvELi0EEET_T0_EUlvE_JEEENS_13invoke_resultISA_JDpT0_EE4typeEOSA_DpOSF_  BUILD/NUCLEO_F303K8/ARMC6/src/QEI.o
    0x08003b34   0x0000002a   Code   RO         2689    .text._ZN4mstd9call_onceIRFvvEJEEEvRNS_9once_flagEOT_DpOT0_  BUILD/NUCLEO_F303K8/ARMC6/mbed-os/platform/source/mbed_retarget.o
    0x08003b5e   0x00000002   PAD
    0x08003b60   0x00000002   Code   RO          150    .text._ZN4rtos5Mutex4lockEv  BUILD/NUCLEO_F303K8/ARMC6/mbed-os/drivers/source/AnalogIn.o
    0x08003b62   0x00000002   PAD
    0x08003b64   0x00000002   Code   RO          160    .text._ZN4rtos5Mutex6unlockEv  BUILD/NUCLEO_F303K8/ARMC6/mbed-os/drivers/source/AnalogIn.o
    0x08003b66   0x00000002   PAD
    0x08003b68   0x00000002   Code   RO          156    .text._ZN4rtos5MutexC2Ev  BUILD/NUCLEO_F303K8/ARMC6/mbed-os/drivers/source/AnalogIn.o
    0x08003b6a   0x00000002   PAD
    0x08003b6c   0x00000002   Code   RO          276    .text._ZN4rtos5MutexD2Ev  BUILD/NUCLEO_F303K8/ARMC6/mbed-os/drivers/source/BufferedSerial.o
    0x08003b6e   0x00000002   PAD
    0x08003b70   0x00000030   Code   RO         7605    .text._ZN5Motor5speedEf  BUILD/NUCLEO_F303K8/ARMC6/src/Motor.o
    0x08003ba0   0x00000040   Code   RO         7603    .text._ZN5MotorC2E7PinNameS0_  BUILD/NUCLEO_F303K8/ARMC6/src/Motor.o
    0x08003be0   0x00000008   Code   RO         7547    .text._ZN5MotorD2Ev  BUILD/NUCLEO_F303K8/ARMC6/src/Controller.o
    0x08003be8   0x00000004   Code   RO          340    .text._ZNK4mbed6detail12CallbackBase7call_fnEv  BUILD/NUCLEO_F303K8/ARMC6/mbed-os/drivers/source/BufferedSerial.o
    0x08003bec   0x00000004   Code   RO          336    .text._ZNK4mbed6detail12CallbackBase7controlEv  BUILD/NUCLEO_F303K8/ARMC6/mbed-os/drivers/source/BufferedSerial.o
    0x08003bf0   0x00000060   Code   RO          338    .text._ZNK4mbed8CallbackIFvvEE4callEv  BUILD/NUCLEO_F303K8/ARMC6/mbed-os/drivers/source/BufferedSerial.o
    0x08003c50   0x00000008   Code   RO          288    .text._ZNK4mbed8CallbackIFvvEEclEv  BUILD/NUCLEO_F303K8/ARMC6/mbed-os/drivers/source/BufferedSerial.o
    0x08003c58   0x00000010   Code   RO          286    .text._ZNK4mbed8CallbackIFvvEEcvbEv  BUILD/NUCLEO_F303K8/ARMC6/mbed-os/drivers/source/BufferedSerial.o
    0x08003c68   0x00000004   Code   RO         7715    .text._ZNKSt3__219__shared_weak_count13__get_deleterERKSt9type_info  c:\Users\ASUS\AppData\Local\Mbed Studio\mbed-studio-tools\ac6\bin\..\lib\libcxx\libcpp_w.l(memory.cpp.o)
    0x08003c6c   0x00000004   Code   RO         7787    .text._ZNKSt3__220__vector_base_commonILb1EE20__throw_length_errorEv  c:\Users\ASUS\AppData\Local\Mbed Studio\mbed-studio-tools\ac6\bin\..\lib\libcxx\libcpp_w.l(vector.cpp.o)
    0x08003c70   0x00000006   Code   RO          105    .text._ZNKSt3__26vectorINS_10shared_ptrI10ControllerEENS_9allocatorIS3_EEE8max_sizeEv  BUILD/NUCLEO_F303K8/ARMC6/main.o
    0x08003c76   0x00000002   PAD
    0x08003c78   0x00000006   Code   RO           67    .text._ZNSt3__210shared_ptrI10ControllerE27__create_with_control_blockIS1_NS_20__shared_ptr_emplaceIS1_NS_9allocatorIS1_EEEEEES2_PT_PT0_  BUILD/NUCLEO_F303K8/ARMC6/main.o
    0x08003c7e   0x00000002   PAD
    0x08003c80   0x00000026   Code   RO           53    .text._ZNSt3__210shared_ptrI10ControllerED2Ev  BUILD/NUCLEO_F303K8/ARMC6/main.o
    0x08003ca6   0x00000002   PAD
    0x08003ca8   0x00000006   Code   RO         7551    .text._ZNSt3__210shared_ptrI3MapE27__create_with_control_blockIS1_NS_20__shared_ptr_emplaceIS1_NS_9allocatorIS1_EEEEEES2_PT_PT0_  BUILD/NUCLEO_F303K8/ARMC6/src/Controller.o
    0x08003cae   0x00000002   PAD
    0x08003cb0   0x00000026   Code   RO           83    .text._ZNSt3__210shared_ptrI3MapED2Ev  BUILD/NUCLEO_F303K8/ARMC6/main.o
    0x08003cd6   0x00000002   PAD
    0x08003cd8   0x00000006   Code   RO         7489    .text._ZNSt3__210shared_ptrI3PIDE27__create_with_control_blockIS1_NS_20__shared_ptr_emplaceIS1_NS_9allocatorIS1_EEEEEES2_PT_PT0_  BUILD/NUCLEO_F303K8/ARMC6/src/Controller.o
    0x08003cde   0x00000002   PAD
    0x08003ce0   0x00000026   Code   RO           91    .text._ZNSt3__210shared_ptrI3PIDED2Ev  BUILD/NUCLEO_F303K8/ARMC6/main.o
    0x08003d06   0x00000002   PAD
    0x08003d08   0x00000006   Code   RO         7505    .text._ZNSt3__210shared_ptrI3QEIE27__create_with_control_blockIS1_NS_20__shared_ptr_emplaceIS1_NS_9allocatorIS1_EEEEEES2_PT_PT0_  BUILD/NUCLEO_F303K8/ARMC6/src/Controller.o
    0x08003d0e   0x00000002   PAD
    0x08003d10   0x00000026   Code   RO           89    .text._ZNSt3__210shared_ptrI3QEIED2Ev  BUILD/NUCLEO_F303K8/ARMC6/main.o
    0x08003d36   0x00000002   PAD
    0x08003d38   0x00000006   Code   RO         7535    .text._ZNSt3__210shared_ptrI5MotorE27__create_with_control_blockIS1_NS_20__shared_ptr_emplaceIS1_NS_9allocatorIS1_EEEEEES2_PT_PT0_  BUILD/NUCLEO_F303K8/ARMC6/src/Controller.o
    0x08003d3e   0x00000002   PAD
    0x08003d40   0x00000026   Code   RO           87    .text._ZNSt3__210shared_ptrI5MotorED2Ev  BUILD/NUCLEO_F303K8/ARMC6/main.o
    0x08003d66   0x00000002   PAD
    0x08003d68   0x00000006   Code   RO         7521    .text._ZNSt3__210shared_ptrIN4mbed11InterruptInEE27__create_with_control_blockIS2_NS_20__shared_ptr_emplaceIS2_NS_9allocatorIS2_EEEEEES3_PT_PT0_  BUILD/NUCLEO_F303K8/ARMC6/src/Controller.o
    0x08003d6e   0x00000002   PAD
    0x08003d70   0x00000026   Code   RO           85    .text._ZNSt3__210shared_ptrIN4mbed11InterruptInEED2Ev  BUILD/NUCLEO_F303K8/ARMC6/main.o
    0x08003d96   0x00000002   PAD
    0x08003d98   0x00000032   Code   RO          113    .text._ZNSt3__212__hash_tableINS_17__hash_value_typeIiNS_10shared_ptrI10ControllerEEEENS_22__unordered_map_hasherIiS5_NS_4hashIiEENS_8equal_toIiEELb1EEENS_21__unordered_map_equalIiS5_SA_S8_Lb1EEENS_9allocatorIS5_EEE21__construct_node_hashIRKNS_21piecewise_construct_tEJNS_5tupleIJOiEEENSL_IJEEEEEENS_10unique_ptrINS_11__hash_nodeIS5_PvEENS_22__hash_node_destructorINSE_ISS_EEEEEEjOT_DpOT0_  BUILD/NUCLEO_F303K8/ARMC6/main.o
    0x08003dca   0x00000002   PAD
    0x08003dcc   0x00000032   Code   RO          107    .text._ZNSt3__212__hash_tableINS_17__hash_value_typeIiNS_10shared_ptrI10ControllerEEEENS_22__unordered_map_hasherIiS5_NS_4hashIiEENS_8equal_toIiEELb1EEENS_21__unordered_map_equalIiS5_SA_S8_Lb1EEENS_9allocatorIS5_EEE21__construct_node_hashIRKNS_21piecewise_construct_tEJNS_5tupleIJRKiEEENSL_IJEEEEEENS_10unique_ptrINS_11__hash_nodeIS5_PvEENS_22__hash_node_destructorINSE_IST_EEEEEEjOT_DpOT0_  BUILD/NUCLEO_F303K8/ARMC6/main.o
    0x08003dfe   0x00000002   PAD
    0x08003e00   0x000000aa   Code   RO          109    .text._ZNSt3__212__hash_tableINS_17__hash_value_typeIiNS_10shared_ptrI10ControllerEEEENS_22__unordered_map_hasherIiS5_NS_4hashIiEENS_8equal_toIiEELb1EEENS_21__unordered_map_equalIiS5_SA_S8_Lb1EEENS_9allocatorIS5_EEE6rehashEj  BUILD/NUCLEO_F303K8/ARMC6/main.o
    0x08003eaa   0x00000002   PAD
    0x08003eac   0x0000011e   Code   RO          111    .text._ZNSt3__212__hash_tableINS_17__hash_value_typeIiNS_10shared_ptrI10ControllerEEEENS_22__unordered_map_hasherIiS5_NS_4hashIiEENS_8equal_toIiEELb1EEENS_21__unordered_map_equalIiS5_SA_S8_Lb1EEENS_9allocatorIS5_EEE8__rehashEj  BUILD/NUCLEO_F303K8/ARMC6/main.o
    0x08003fca   0x00000002   PAD
    0x08003fcc   0x00000562   Code   RO         7693    .text._ZNSt3__212__next_primeEj  c:\Users\ASUS\AppData\Local\Mbed Studio\mbed-studio-tools\ac6\bin\..\lib\libcxx\libcpp_w.l(hash.cpp.o)
    0x0800452e   0x00000002   PAD
    0x08004530   0x00000182   Code   RO           61    .text._ZNSt3__213unordered_mapIiNS_10shared_ptrI10ControllerEENS_4hashIiEENS_8equal_toIiEENS_9allocatorINS_4pairIKiS3_EEEEEixEOi  BUILD/NUCLEO_F303K8/ARMC6/main.o
    0x080046b2   0x00000002   PAD
    0x080046b4   0x00000182   Code   RO           55    .text._ZNSt3__213unordered_mapIiNS_10shared_ptrI10ControllerEENS_4hashIiEENS_8equal_toIiEENS_9allocatorINS_4pairIKiS3_EEEEEixERSA_  BUILD/NUCLEO_F303K8/ARMC6/main.o
    0x08004836   0x00000002   PAD
    0x08004838   0x00000034   Code   RO           99    .text._ZNSt3__214__split_bufferINS_10shared_ptrI10ControllerEERNS_9allocatorIS3_EEEC2EjjS6_  BUILD/NUCLEO_F303K8/ARMC6/main.o
    0x0800486c   0x00000028   Code   RO          103    .text._ZNSt3__214__split_bufferINS_10shared_ptrI10ControllerEERNS_9allocatorIS3_EEED2Ev  BUILD/NUCLEO_F303K8/ARMC6/main.o
    0x08004894   0x00000010   Code   RO         7711    .text._ZNSt3__219__shared_weak_count14__release_weakEv  c:\Users\ASUS\AppData\Local\Mbed Studio\mbed-studio-tools\ac6\bin\..\lib\libcxx\libcpp_w.l(memory.cpp.o)
    0x080048a4   0x0000000e   Code   RO           73    .text._ZNSt3__220__shared_ptr_emplaceI10ControllerNS_9allocatorIS1_EEE16__on_zero_sharedEv  BUILD/NUCLEO_F303K8/ARMC6/main.o
    0x080048b2   0x00000002   PAD
    0x080048b4   0x0000001c   Code   RO           75    .text._ZNSt3__220__shared_ptr_emplaceI10ControllerNS_9allocatorIS1_EEE21__on_zero_shared_weakEv  BUILD/NUCLEO_F303K8/ARMC6/main.o
    0x080048d0   0x00000002   Code   RO           93    .text._ZNSt3__220__shared_ptr_emplaceI10ControllerNS_9allocatorIS1_EEE8_Storage10__get_elemEv  BUILD/NUCLEO_F303K8/ARMC6/main.o
    0x080048d2   0x00000002   PAD
    0x080048d4   0x00000002   Code   RO           77    .text._ZNSt3__220__shared_ptr_emplaceI10ControllerNS_9allocatorIS1_EEE8_Storage11__get_allocEv  BUILD/NUCLEO_F303K8/ARMC6/main.o
    0x080048d6   0x00000002   PAD
    0x080048d8   0x0000000c   Code   RO           71    .text._ZNSt3__220__shared_ptr_emplaceI10ControllerNS_9allocatorIS1_EEED0Ev  BUILD/NUCLEO_F303K8/ARMC6/main.o
    0x080048e4   0x00000022   Code   RO           69    .text._ZNSt3__220__shared_ptr_emplaceI10ControllerNS_9allocatorIS1_EEED2Ev  BUILD/NUCLEO_F303K8/ARMC6/main.o
    0x08004906   0x00000002   PAD
    0x08004908   0x0000000a   Code   RO         7557    .text._ZNSt3__220__shared_ptr_emplaceI3MapNS_9allocatorIS1_EEE16__on_zero_sharedEv  BUILD/NUCLEO_F303K8/ARMC6/src/Controller.o
    0x08004912   0x00000002   PAD
    0x08004914   0x0000001c   Code   RO         7559    .text._ZNSt3__220__shared_ptr_emplaceI3MapNS_9allocatorIS1_EEE21__on_zero_shared_weakEv  BUILD/NUCLEO_F303K8/ARMC6/src/Controller.o
    0x08004930   0x00000002   Code   RO         7563    .text._ZNSt3__220__shared_ptr_emplaceI3MapNS_9allocatorIS1_EEE8_Storage10__get_elemEv  BUILD/NUCLEO_F303K8/ARMC6/src/Controller.o
    0x08004932   0x00000002   PAD
    0x08004934   0x00000002   Code   RO         7561    .text._ZNSt3__220__shared_ptr_emplaceI3MapNS_9allocatorIS1_EEE8_Storage11__get_allocEv  BUILD/NUCLEO_F303K8/ARMC6/src/Controller.o
    0x08004936   0x00000002   PAD
    0x08004938   0x0000000c   Code   RO         7555    .text._ZNSt3__220__shared_ptr_emplaceI3MapNS_9allocatorIS1_EEED0Ev  BUILD/NUCLEO_F303K8/ARMC6/src/Controller.o
    0x08004944   0x00000022   Code   RO         7553    .text._ZNSt3__220__shared_ptr_emplaceI3MapNS_9allocatorIS1_EEED2Ev  BUILD/NUCLEO_F303K8/ARMC6/src/Controller.o
    0x08004966   0x00000002   PAD
    0x08004968   0x0000000e   Code   RO         7495    .text._ZNSt3__220__shared_ptr_emplaceI3PIDNS_9allocatorIS1_EEE16__on_zero_sharedEv  BUILD/NUCLEO_F303K8/ARMC6/src/Controller.o
    0x08004976   0x00000002   PAD
    0x08004978   0x0000001c   Code   RO         7497    .text._ZNSt3__220__shared_ptr_emplaceI3PIDNS_9allocatorIS1_EEE21__on_zero_shared_weakEv  BUILD/NUCLEO_F303K8/ARMC6/src/Controller.o
    0x08004994   0x00000002   Code   RO         7503    .text._ZNSt3__220__shared_ptr_emplaceI3PIDNS_9allocatorIS1_EEE8_Storage10__get_elemEv  BUILD/NUCLEO_F303K8/ARMC6/src/Controller.o
    0x08004996   0x00000002   PAD
    0x08004998   0x00000002   Code   RO         7499    .text._ZNSt3__220__shared_ptr_emplaceI3PIDNS_9allocatorIS1_EEE8_Storage11__get_allocEv  BUILD/NUCLEO_F303K8/ARMC6/src/Controller.o
    0x0800499a   0x00000002   PAD
    0x0800499c   0x0000000c   Code   RO         7493    .text._ZNSt3__220__shared_ptr_emplaceI3PIDNS_9allocatorIS1_EEED0Ev  BUILD/NUCLEO_F303K8/ARMC6/src/Controller.o
    0x080049a8   0x00000022   Code   RO         7491    .text._ZNSt3__220__shared_ptr_emplaceI3PIDNS_9allocatorIS1_EEED2Ev  BUILD/NUCLEO_F303K8/ARMC6/src/Controller.o
    0x080049ca   0x00000002   PAD
    0x080049cc   0x0000000e   Code   RO         7511    .text._ZNSt3__220__shared_ptr_emplaceI3QEINS_9allocatorIS1_EEE16__on_zero_sharedEv  BUILD/NUCLEO_F303K8/ARMC6/src/Controller.o
    0x080049da   0x00000002   PAD
    0x080049dc   0x0000001c   Code   RO         7513    .text._ZNSt3__220__shared_ptr_emplaceI3QEINS_9allocatorIS1_EEE21__on_zero_shared_weakEv  BUILD/NUCLEO_F303K8/ARMC6/src/Controller.o
    0x080049f8   0x00000002   Code   RO         7519    .text._ZNSt3__220__shared_ptr_emplaceI3QEINS_9allocatorIS1_EEE8_Storage10__get_elemEv  BUILD/NUCLEO_F303K8/ARMC6/src/Controller.o
    0x080049fa   0x00000002   PAD
    0x080049fc   0x00000002   Code   RO         7515    .text._ZNSt3__220__shared_ptr_emplaceI3QEINS_9allocatorIS1_EEE8_Storage11__get_allocEv  BUILD/NUCLEO_F303K8/ARMC6/src/Controller.o
    0x080049fe   0x00000002   PAD
    0x08004a00   0x0000000c   Code   RO         7509    .text._ZNSt3__220__shared_ptr_emplaceI3QEINS_9allocatorIS1_EEED0Ev  BUILD/NUCLEO_F303K8/ARMC6/src/Controller.o
    0x08004a0c   0x00000022   Code   RO         7507    .text._ZNSt3__220__shared_ptr_emplaceI3QEINS_9allocatorIS1_EEED2Ev  BUILD/NUCLEO_F303K8/ARMC6/src/Controller.o
    0x08004a2e   0x00000002   PAD
    0x08004a30   0x0000000e   Code   RO         7541    .text._ZNSt3__220__shared_ptr_emplaceI5MotorNS_9allocatorIS1_EEE16__on_zero_sharedEv  BUILD/NUCLEO_F303K8/ARMC6/src/Controller.o
    0x08004a3e   0x00000002   PAD
    0x08004a40   0x0000001c   Code   RO         7543    .text._ZNSt3__220__shared_ptr_emplaceI5MotorNS_9allocatorIS1_EEE21__on_zero_shared_weakEv  BUILD/NUCLEO_F303K8/ARMC6/src/Controller.o
    0x08004a5c   0x00000002   Code   RO         7549    .text._ZNSt3__220__shared_ptr_emplaceI5MotorNS_9allocatorIS1_EEE8_Storage10__get_elemEv  BUILD/NUCLEO_F303K8/ARMC6/src/Controller.o
    0x08004a5e   0x00000002   PAD
    0x08004a60   0x00000002   Code   RO         7545    .text._ZNSt3__220__shared_ptr_emplaceI5MotorNS_9allocatorIS1_EEE8_Storage11__get_allocEv  BUILD/NUCLEO_F303K8/ARMC6/src/Controller.o
    0x08004a62   0x00000002   PAD
    0x08004a64   0x0000000c   Code   RO         7539    .text._ZNSt3__220__shared_ptr_emplaceI5MotorNS_9allocatorIS1_EEED0Ev  BUILD/NUCLEO_F303K8/ARMC6/src/Controller.o
    0x08004a70   0x00000022   Code   RO         7537    .text._ZNSt3__220__shared_ptr_emplaceI5MotorNS_9allocatorIS1_EEED2Ev  BUILD/NUCLEO_F303K8/ARMC6/src/Controller.o
    0x08004a92   0x00000002   PAD
    0x08004a94   0x00000010   Code   RO         7527    .text._ZNSt3__220__shared_ptr_emplaceIN4mbed11InterruptInENS_9allocatorIS2_EEE16__on_zero_sharedEv  BUILD/NUCLEO_F303K8/ARMC6/src/Controller.o
    0x08004aa4   0x0000001c   Code   RO         7529    .text._ZNSt3__220__shared_ptr_emplaceIN4mbed11InterruptInENS_9allocatorIS2_EEE21__on_zero_shared_weakEv  BUILD/NUCLEO_F303K8/ARMC6/src/Controller.o
    0x08004ac0   0x00000002   Code   RO         7533    .text._ZNSt3__220__shared_ptr_emplaceIN4mbed11InterruptInENS_9allocatorIS2_EEE8_Storage10__get_elemEv  BUILD/NUCLEO_F303K8/ARMC6/src/Controller.o
    0x08004ac2   0x00000002   PAD
    0x08004ac4   0x00000002   Code   RO         7531    .text._ZNSt3__220__shared_ptr_emplaceIN4mbed11InterruptInENS_9allocatorIS2_EEE8_Storage11__get_allocEv  BUILD/NUCLEO_F303K8/ARMC6/src/Controller.o
    0x08004ac6   0x00000002   PAD
    0x08004ac8   0x0000000c   Code   RO         7525    .text._ZNSt3__220__shared_ptr_emplaceIN4mbed11InterruptInENS_9allocatorIS2_EEED0Ev  BUILD/NUCLEO_F303K8/ARMC6/src/Controller.o
    0x08004ad4   0x00000022   Code   RO         7523    .text._ZNSt3__220__shared_ptr_emplaceIN4mbed11InterruptInENS_9allocatorIS2_EEED2Ev  BUILD/NUCLEO_F303K8/ARMC6/src/Controller.o
    0x08004af6   0x00000002   PAD
    0x08004af8   0x0000000e   Code   RO           95    .text._ZNSt3__26vectorINS_10shared_ptrI10ControllerEENS_9allocatorIS3_EEE21_ConstructTransactionC2ERS6_j  BUILD/NUCLEO_F303K8/ARMC6/main.o
    0x08004b06   0x00000002   PAD
    0x08004b08   0x00000008   Code   RO           97    .text._ZNSt3__26vectorINS_10shared_ptrI10ControllerEENS_9allocatorIS3_EEE21_ConstructTransactionD2Ev  BUILD/NUCLEO_F303K8/ARMC6/main.o
    0x08004b10   0x0000004a   Code   RO          101    .text._ZNSt3__26vectorINS_10shared_ptrI10ControllerEENS_9allocatorIS3_EEE26__swap_out_circular_bufferERNS_14__split_bufferIS3_RS5_EE  BUILD/NUCLEO_F303K8/ARMC6/main.o
    0x08004b5a   0x00000002   PAD
    0x08004b5c   0x0000000c   Code   RO         7577    .text._ZZN4mbed8CallbackIFvvEEC1IP10ControllerMS4_FvvELi0EEET_T0_ENKUlvE_clEv  BUILD/NUCLEO_F303K8/ARMC6/src/Controller.o
    0x08004b68   0x0000000c   Code   RO         7684    .text._ZZN4mbed8CallbackIFvvEEC1IP3QEIMS4_FvvELi0EEET_T0_ENKUlvE_clEv  BUILD/NUCLEO_F303K8/ARMC6/src/QEI.o
    0x08004b74   0x00000008   Code   RO         2631    .text._ZdlPv        BUILD/NUCLEO_F303K8/ARMC6/mbed-os/platform/source/mbed_retarget.o
    0x08004b7c   0x0000004c   Code   RO         2623    .text._Znwj         BUILD/NUCLEO_F303K8/ARMC6/mbed-os/platform/source/mbed_retarget.o
    0x08004bc8   0x00000020   Code   RO         6882    .text.__NVIC_ClearPendingIRQ  BUILD/NUCLEO_F303K8/ARMC6/mbed-os/targets/TARGET_STM/gpio_irq_api.o
    0x08004be8   0x00000028   Code   RO         6880    .text.__NVIC_DisableIRQ  BUILD/NUCLEO_F303K8/ARMC6/mbed-os/targets/TARGET_STM/gpio_irq_api.o
    0x08004c10   0x00000016   Code   RO         6803    .text.__NVIC_EnableIRQ  BUILD/NUCLEO_F303K8/ARMC6/mbed-os/targets/TARGET_STM/can_api.o
    0x08004c26   0x00000002   PAD
    0x08004c28   0x00000020   Code   RO         6876    .text.__NVIC_EnableIRQ  BUILD/NUCLEO_F303K8/ARMC6/mbed-os/targets/TARGET_STM/gpio_irq_api.o
    0x08004c48   0x00000010   Code   RO         7363    .text.__NVIC_EnableIRQ  BUILD/NUCLEO_F303K8/ARMC6/mbed-os/targets/TARGET_STM/us_ticker.o
    0x08004c58   0x00000020   Code   RO         3965    .text.__NVIC_SetPriorityGrouping  BUILD/NUCLEO_F303K8/ARMC6/mbed-os/targets/TARGET_STM/TARGET_STM32F3/STM32Cube_FW/STM32F3xx_HAL_Driver/stm32f3xx_hal_cortex.o
    0x08004c78   0x00000014   Code   RO         6801    .text.__NVIC_SetVector  BUILD/NUCLEO_F303K8/ARMC6/mbed-os/targets/TARGET_STM/can_api.o
    0x08004c8c   0x00000012   Code   RO         6856    .text.__NVIC_SetVector  BUILD/NUCLEO_F303K8/ARMC6/mbed-os/targets/TARGET_STM/gpio_irq_api.o
    0x08004c9e   0x00000002   PAD
    0x08004ca0   0x00000018   Code   RO         7361    .text.__NVIC_SetVector  BUILD/NUCLEO_F303K8/ARMC6/mbed-os/targets/TARGET_STM/us_ticker.o
    0x08004cb8   0x00000058   Code   RO         2617    .text.__cxa_guard_acquire  BUILD/NUCLEO_F303K8/ARMC6/mbed-os/platform/source/mbed_retarget.o
    0x08004d10   0x0000002e   Code   RO         2619    .text.__cxa_guard_release  BUILD/NUCLEO_F303K8/ARMC6/mbed-os/platform/source/mbed_retarget.o
    0x08004d3e   0x00000002   PAD
    0x08004d40   0x00000028   Code   RO         7792    .text.__cxa_pure_virtual  c:\Users\ASUS\AppData\Local\Mbed Studio\mbed-studio-tools\ac6\bin\..\lib\libcxx\libcppabi_w.l(cxa_virtual.cpp.o)
    0x08004d68   0x00000012   Code   RO            4    .text.__cxx_global_var_init  BUILD/NUCLEO_F303K8/ARMC6/main.o
    0x08004d7a   0x00000002   PAD
    0x08004d7c   0x00000014   Code   RO            6    .text.__cxx_global_var_init.1  BUILD/NUCLEO_F303K8/ARMC6/main.o
    0x08004d90   0x00000010   Code   RO            8    .text.__cxx_global_var_init.2  BUILD/NUCLEO_F303K8/ARMC6/main.o
    0x08004da0   0x00000012   Code   RO           10    .text.__cxx_global_var_init.3  BUILD/NUCLEO_F303K8/ARMC6/main.o
    0x08004db2   0x00000002   PAD
    0x08004db4   0x0000001a   Code   RO           12    .text.__cxx_global_var_init.4  BUILD/NUCLEO_F303K8/ARMC6/main.o
    0x08004dce   0x00000002   PAD
    0x08004dd0   0x00000010   Code   RO           14    .text.__cxx_global_var_init.5  BUILD/NUCLEO_F303K8/ARMC6/main.o
    0x08004de0   0x00000010   Code   RO           16    .text.__cxx_global_var_init.6  BUILD/NUCLEO_F303K8/ARMC6/main.o
    0x08004df0   0x00000008   Code   RO         2577    .text.__user_setup_stackheap  BUILD/NUCLEO_F303K8/ARMC6/mbed-os/platform/source/mbed_retarget.o
    0x08004df8   0x0000010c   Code   RO         6757    .text._can_init_freq_direct  BUILD/NUCLEO_F303K8/ARMC6/mbed-os/targets/TARGET_STM/can_api.o
    0x08004f04   0x00000024   Code   RO         1455    .text._gpio_init_in  BUILD/NUCLEO_F303K8/ARMC6/mbed-os/hal/source/mbed_gpio.o
    0x08004f28   0x00000030   Code   RO         1461    .text._gpio_init_out  BUILD/NUCLEO_F303K8/ARMC6/mbed-os/hal/source/mbed_gpio.o
    0x08004f58   0x00000032   Code   RO         2575    .text._mbed_user_setup_stackheap  BUILD/NUCLEO_F303K8/ARMC6/mbed-os/platform/source/mbed_retarget.o
    0x08004f8a   0x00000002   PAD
    0x08004f8c   0x00000008   Code   RO         2735    .text._platform_post_stackheap_init  BUILD/NUCLEO_F303K8/ARMC6/mbed-os/platform/source/mbed_sdk_boot.o
    0x08004f94   0x00000194   Code   RO         7114    .text._pwmout_init_direct  BUILD/NUCLEO_F303K8/ARMC6/mbed-os/targets/TARGET_STM/pwmout_api.o
    0x08005128   0x00000180   Code   RO         7190    .text._serial_init_direct  BUILD/NUCLEO_F303K8/ARMC6/mbed-os/targets/TARGET_STM/serial_api.o
    0x080052a8   0x00000028   Code   RO         2543    .text._sys_open     BUILD/NUCLEO_F303K8/ARMC6/mbed-os/platform/source/mbed_retarget.o
    0x080052d0   0x00000006   Code   RO         2569    .text._sys_seek     BUILD/NUCLEO_F303K8/ARMC6/mbed-os/platform/source/mbed_retarget.o
    0x080052d6   0x00000002   PAD
    0x080052d8   0x000000fc   Code   RO         2547    .text._sys_write    BUILD/NUCLEO_F303K8/ARMC6/mbed-os/platform/source/mbed_retarget.o
    0x080053d4   0x00000030   Code   RO         1540    .text._ticker_match_interval_passed  BUILD/NUCLEO_F303K8/ARMC6/mbed-os/hal/source/mbed_ticker_api.o
    0x08005404   0x00000008   Code   RO         2786    .text._wait_us_inline  BUILD/NUCLEO_F303K8/ARMC6/mbed-os/platform/source/mbed_wait_api_no_rtos.o
    0x0800540c   0x00000012   Code   RO         2788    .text._wait_us_ticks  BUILD/NUCLEO_F303K8/ARMC6/mbed-os/platform/source/mbed_wait_api_no_rtos.o
    0x0800541e   0x00000004   Code   RO         7987    .text.abort_message  c:\Users\ASUS\AppData\Local\Mbed Studio\mbed-studio-tools\ac6\bin\..\lib\libcxx\libcppabi_w.l(abort_message.cpp.o)
    0x08005422   0x00000002   PAD
    0x08005424   0x0000000c   Code   RO         1432    .text.are_interrupts_enabled  BUILD/NUCLEO_F303K8/ARMC6/mbed-os/hal/source/mbed_critical_section_api.o
    0x08005430   0x00000002   Code   RO         1596    .text.block_us_ticker_free  BUILD/NUCLEO_F303K8/ARMC6/mbed-os/hal/source/mbed_us_ticker_api.o
    0x08005432   0x00000002   PAD
    0x08005434   0x0000006a   Code   RO         6789    .text.can_filter    BUILD/NUCLEO_F303K8/ARMC6/mbed-os/targets/TARGET_STM/can_api.o
    0x0800549e   0x00000002   PAD
    0x080054a0   0x00000032   Code   RO         6767    .text.can_free      BUILD/NUCLEO_F303K8/ARMC6/mbed-os/targets/TARGET_STM/can_api.o
    0x080054d2   0x00000002   PAD
    0x080054d4   0x000000d0   Code   RO         6769    .text.can_frequency  BUILD/NUCLEO_F303K8/ARMC6/mbed-os/targets/TARGET_STM/can_api.o
    0x080055a4   0x00000010   Code   RO         6761    .text.can_init      BUILD/NUCLEO_F303K8/ARMC6/mbed-os/targets/TARGET_STM/can_api.o
    0x080055b4   0x0000006a   Code   RO         6759    .text.can_init_freq  BUILD/NUCLEO_F303K8/ARMC6/mbed-os/targets/TARGET_STM/can_api.o
    0x0800561e   0x00000002   PAD
    0x08005620   0x00000144   Code   RO         6793    .text.can_irq       BUILD/NUCLEO_F303K8/ARMC6/mbed-os/targets/TARGET_STM/can_api.o
    0x08005764   0x00000024   Code   RO         6765    .text.can_irq_free  BUILD/NUCLEO_F303K8/ARMC6/mbed-os/targets/TARGET_STM/can_api.o
    0x08005788   0x0000001e   Code   RO         6763    .text.can_irq_init  BUILD/NUCLEO_F303K8/ARMC6/mbed-os/targets/TARGET_STM/can_api.o
    0x080057a6   0x00000002   PAD
    0x080057a8   0x00000082   Code   RO         6799    .text.can_irq_set   BUILD/NUCLEO_F303K8/ARMC6/mbed-os/targets/TARGET_STM/can_api.o
    0x0800582a   0x00000002   PAD
    0x0800582c   0x0000009e   Code   RO         6775    .text.can_read      BUILD/NUCLEO_F303K8/ARMC6/mbed-os/targets/TARGET_STM/can_api.o
    0x080058ca   0x00000002   PAD
    0x080058cc   0x0000005c   Code   RO         6779    .text.can_registers_init  BUILD/NUCLEO_F303K8/ARMC6/mbed-os/targets/TARGET_STM/can_api.o
    0x08005928   0x00000098   Code   RO         6771    .text.can_speed     BUILD/NUCLEO_F303K8/ARMC6/mbed-os/targets/TARGET_STM/can_api.o
    0x080059c0   0x000000a6   Code   RO         6773    .text.can_write     BUILD/NUCLEO_F303K8/ARMC6/mbed-os/targets/TARGET_STM/can_api.o
    0x08005a66   0x00000002   PAD
    0x08005a68   0x0000006c   Code   RO         1580    .text.compute_tick_round_up  BUILD/NUCLEO_F303K8/ARMC6/mbed-os/hal/source/mbed_ticker_api.o
    0x08005ad4   0x0000000c   Code   RO         2305    .text.core_util_are_interrupts_enabled  BUILD/NUCLEO_F303K8/ARMC6/mbed-os/platform/source/mbed_critical.o
    0x08005ae0   0x00000012   Code   RO         2200    .text.core_util_atomic_decr_u16  BUILD/NUCLEO_F303K8/ARMC6/mbed-os/platform/source/mbed_atomic_impl.o
    0x08005af2   0x00000002   PAD
    0x08005af4   0x00000010   Code   RO         2186    .text.core_util_atomic_exchange_u8  BUILD/NUCLEO_F303K8/ARMC6/mbed-os/platform/source/mbed_atomic_impl.o
    0x08005b04   0x00000016   Code   RO         2184    .text.core_util_atomic_flag_test_and_set  BUILD/NUCLEO_F303K8/ARMC6/mbed-os/platform/source/mbed_atomic_impl.o
    0x08005b1a   0x00000002   PAD
    0x08005b1c   0x00000012   Code   RO         2194    .text.core_util_atomic_incr_u16  BUILD/NUCLEO_F303K8/ARMC6/mbed-os/platform/source/mbed_atomic_impl.o
    0x08005b2e   0x00000002   PAD
    0x08005b30   0x00000084   Code   RO         2311    .text.core_util_critical_section_enter  BUILD/NUCLEO_F303K8/ARMC6/mbed-os/platform/source/mbed_critical.o
    0x08005bb4   0x0000001e   Code   RO         2313    .text.core_util_critical_section_exit  BUILD/NUCLEO_F303K8/ARMC6/mbed-os/platform/source/mbed_critical.o
    0x08005bd2   0x00000002   PAD
    0x08005bd4   0x0000000c   Code   RO         2307    .text.core_util_is_isr_active  BUILD/NUCLEO_F303K8/ARMC6/mbed-os/platform/source/mbed_critical.o
    0x08005be0   0x00000054   Code   RO         7198    .text.debug         BUILD/NUCLEO_F303K8/ARMC6/mbed-os/targets/TARGET_STM/serial_api.o
    0x08005c34   0x00000064   Code   RO         2324    .text.error         BUILD/NUCLEO_F303K8/ARMC6/mbed-os/platform/source/mbed_error.o
    0x08005c98   0x00000018   Code   RO         1578    .text.exact_log2    BUILD/NUCLEO_F303K8/ARMC6/mbed-os/hal/source/mbed_ticker_api.o
    0x08005cb0   0x00000022   Code   RO         2589    .text.exit          BUILD/NUCLEO_F303K8/ARMC6/mbed-os/platform/source/mbed_retarget.o
    0x08005cd2   0x00000002   PAD
    0x08005cd4   0x0000001a   Code   RO         1576    .text.gcd           BUILD/NUCLEO_F303K8/ARMC6/mbed-os/hal/source/mbed_ticker_api.o
    0x08005cee   0x00000002   PAD
    0x08005cf0   0x00000038   Code   RO         7218    .text.get_uart_index  BUILD/NUCLEO_F303K8/ARMC6/mbed-os/targets/TARGET_STM/serial_api.o
    0x08005d28   0x0000000a   Code   RO         1590    .text.get_us_ticker_data  BUILD/NUCLEO_F303K8/ARMC6/mbed-os/hal/source/mbed_us_ticker_api.o
    0x08005d32   0x00000002   PAD
    0x08005d34   0x00000016   Code   RO         6828    .text.gpio_dir      BUILD/NUCLEO_F303K8/ARMC6/mbed-os/targets/TARGET_STM/gpio_api.o
    0x08005d4a   0x00000002   PAD
    0x08005d4c   0x0000004a   Code   RO         6824    .text.gpio_init     BUILD/NUCLEO_F303K8/ARMC6/mbed-os/targets/TARGET_STM/gpio_api.o
    0x08005d96   0x00000002   PAD
    0x08005d98   0x0000000a   Code   RO         1451    .text.gpio_init_in  BUILD/NUCLEO_F303K8/ARMC6/mbed-os/hal/source/mbed_gpio.o
    0x08005da2   0x00000002   PAD
    0x08005da4   0x00000008   Code   RO         1453    .text.gpio_init_in_ex  BUILD/NUCLEO_F303K8/ARMC6/mbed-os/hal/source/mbed_gpio.o
    0x08005dac   0x0000000a   Code   RO         1457    .text.gpio_init_out  BUILD/NUCLEO_F303K8/ARMC6/mbed-os/hal/source/mbed_gpio.o
    0x08005db6   0x00000002   PAD
    0x08005db8   0x0000000c   Code   RO         1459    .text.gpio_init_out_ex  BUILD/NUCLEO_F303K8/ARMC6/mbed-os/hal/source/mbed_gpio.o
    0x08005dc4   0x0000000c   Code   RO         6842    .text.gpio_irq0     BUILD/NUCLEO_F303K8/ARMC6/mbed-os/targets/TARGET_STM/gpio_irq_api.o
    0x08005dd0   0x0000000c   Code   RO         6844    .text.gpio_irq1     BUILD/NUCLEO_F303K8/ARMC6/mbed-os/targets/TARGET_STM/gpio_irq_api.o
    0x08005ddc   0x0000000c   Code   RO         6846    .text.gpio_irq2     BUILD/NUCLEO_F303K8/ARMC6/mbed-os/targets/TARGET_STM/gpio_irq_api.o
    0x08005de8   0x0000000c   Code   RO         6848    .text.gpio_irq3     BUILD/NUCLEO_F303K8/ARMC6/mbed-os/targets/TARGET_STM/gpio_irq_api.o
    0x08005df4   0x0000000c   Code   RO         6850    .text.gpio_irq4     BUILD/NUCLEO_F303K8/ARMC6/mbed-os/targets/TARGET_STM/gpio_irq_api.o
    0x08005e00   0x0000000c   Code   RO         6852    .text.gpio_irq5     BUILD/NUCLEO_F303K8/ARMC6/mbed-os/targets/TARGET_STM/gpio_irq_api.o
    0x08005e0c   0x0000000c   Code   RO         6854    .text.gpio_irq6     BUILD/NUCLEO_F303K8/ARMC6/mbed-os/targets/TARGET_STM/gpio_irq_api.o
    0x08005e18   0x0000008e   Code   RO         6862    .text.gpio_irq_disable  BUILD/NUCLEO_F303K8/ARMC6/mbed-os/targets/TARGET_STM/gpio_irq_api.o
    0x08005ea6   0x00000002   PAD
    0x08005ea8   0x00000076   Code   RO         6858    .text.gpio_irq_enable  BUILD/NUCLEO_F303K8/ARMC6/mbed-os/targets/TARGET_STM/gpio_irq_api.o
    0x08005f1e   0x00000002   PAD
    0x08005f20   0x00000072   Code   RO         6860    .text.gpio_irq_free  BUILD/NUCLEO_F303K8/ARMC6/mbed-os/targets/TARGET_STM/gpio_irq_api.o
    0x08005f92   0x00000002   PAD
    0x08005f94   0x00000198   Code   RO         6840    .text.gpio_irq_init  BUILD/NUCLEO_F303K8/ARMC6/mbed-os/targets/TARGET_STM/gpio_irq_api.o
    0x0800612c   0x00000066   Code   RO         6864    .text.gpio_irq_set  BUILD/NUCLEO_F303K8/ARMC6/mbed-os/targets/TARGET_STM/gpio_irq_api.o
    0x08006192   0x00000002   PAD
    0x08006194   0x0000000c   Code   RO         6826    .text.gpio_mode     BUILD/NUCLEO_F303K8/ARMC6/mbed-os/targets/TARGET_STM/gpio_api.o
    0x080061a0   0x00000064   Code   RO         6822    .text.gpio_set      BUILD/NUCLEO_F303K8/ARMC6/mbed-os/targets/TARGET_STM/gpio_api.o
    0x08006204   0x00000010   Code   RO         1449    .text.gpio_write    BUILD/NUCLEO_F303K8/ARMC6/mbed-os/hal/source/mbed_gpio.o
    0x08006214   0x00000010   Code   RO         2286    .text.gpio_write    BUILD/NUCLEO_F303K8/ARMC6/mbed-os/platform/source/mbed_board.o
    0x08006224   0x0000002c   Code   RO         1430    .text.hal_critical_section_enter  BUILD/NUCLEO_F303K8/ARMC6/mbed-os/hal/source/mbed_critical_section_api.o
    0x08006250   0x00000084   Code   RO         1434    .text.hal_critical_section_exit  BUILD/NUCLEO_F303K8/ARMC6/mbed-os/hal/source/mbed_critical_section_api.o
    0x080062d4   0x000000e8   Code   RO         2326    .text.handle_error  BUILD/NUCLEO_F303K8/ARMC6/mbed-os/platform/source/mbed_error.o
    0x080063bc   0x000000f4   Code   RO         6884    .text.handle_interrupt_in  BUILD/NUCLEO_F303K8/ARMC6/mbed-os/targets/TARGET_STM/gpio_irq_api.o
    0x080064b0   0x00000098   Code   RO         7359    .text.init_32bit_timer  BUILD/NUCLEO_F303K8/ARMC6/mbed-os/targets/TARGET_STM/us_ticker.o
    0x08006548   0x00000072   Code   RO         7196    .text.init_uart     BUILD/NUCLEO_F303K8/ARMC6/mbed-os/targets/TARGET_STM/serial_api.o
    0x080065ba   0x00000002   PAD
    0x080065bc   0x00000150   Code   RO         1544    .text.initialize    BUILD/NUCLEO_F303K8/ARMC6/mbed-os/hal/source/mbed_ticker_api.o
    0x0800670c   0x0000006a   Code   RO         1558    .text.insert_event  BUILD/NUCLEO_F303K8/ARMC6/mbed-os/hal/source/mbed_ticker_api.o
    0x08006776   0x00000002   PAD
    0x08006778   0x000002f2   Code   RO           18    .text.main          BUILD/NUCLEO_F303K8/ARMC6/main.o
    0x08006a6a   0x00000002   PAD
    0x08006a6c   0x0000001a   Code   RO         2175    .text.mbed_assert_internal  BUILD/NUCLEO_F303K8/ARMC6/mbed-os/platform/source/mbed_assert.o
    0x08006a86   0x00000002   PAD
    0x08006a88   0x0000002c   Code   RO         2727    .text.mbed_copy_nvic  BUILD/NUCLEO_F303K8/ARMC6/mbed-os/platform/source/mbed_sdk_boot.o
    0x08006ab4   0x0000006c   Code   RO         2288    .text.mbed_die      BUILD/NUCLEO_F303K8/ARMC6/mbed-os/platform/source/mbed_board.o
    0x08006b20   0x00000036   Code   RO         2348    .text.mbed_error    BUILD/NUCLEO_F303K8/ARMC6/mbed-os/platform/source/mbed_error.o
    0x08006b56   0x00000002   PAD
    0x08006b58   0x00000002   Code   RO         2332    .text.mbed_error_hook  BUILD/NUCLEO_F303K8/ARMC6/mbed-os/platform/source/mbed_error.o
    0x08006b5a   0x00000002   PAD
    0x08006b5c   0x00000004   Code   RO         2336    .text.mbed_error_initialize  BUILD/NUCLEO_F303K8/ARMC6/mbed-os/platform/source/mbed_error.o
    0x08006b60   0x00000014   Code   RO         2366    .text.mbed_error_is_hw_fault  BUILD/NUCLEO_F303K8/ARMC6/mbed-os/platform/source/mbed_error.o
    0x08006b74   0x00000020   Code   RO         2290    .text.mbed_error_printf  BUILD/NUCLEO_F303K8/ARMC6/mbed-os/platform/source/mbed_board.o
    0x08006b94   0x00000052   Code   RO         2294    .text.mbed_error_puts  BUILD/NUCLEO_F303K8/ARMC6/mbed-os/platform/source/mbed_board.o
    0x08006be6   0x00000002   PAD
    0x08006be8   0x00000034   Code   RO         2292    .text.mbed_error_vprintf  BUILD/NUCLEO_F303K8/ARMC6/mbed-os/platform/source/mbed_board.o
    0x08006c1c   0x000000f8   Code   RO         2135    .text.mbed_fault_handler  BUILD/NUCLEO_F303K8/ARMC6/mbed-os/platform/source/TARGET_CORTEX_M/mbed_fault_handler.o
    0x08006d14   0x00000038   Code   RO         2330    .text.mbed_halt_system  BUILD/NUCLEO_F303K8/ARMC6/mbed-os/platform/source/mbed_error.o
    0x08006d4c   0x00000020   Code   RO         2729    .text.mbed_init     BUILD/NUCLEO_F303K8/ARMC6/mbed-os/platform/source/mbed_sdk_boot.o
    0x08006d6c   0x00000002   Code   RO         2721    .text.mbed_main     BUILD/NUCLEO_F303K8/ARMC6/mbed-os/platform/source/mbed_sdk_boot.o
    0x08006d6e   0x00000002   PAD
    0x08006d70   0x00000420   Code   RO         2941    .text.mbed_minimal_formatted_string  BUILD/NUCLEO_F303K8/ARMC6/mbed-os/platform/source/minimal-printf/mbed_printf_implementation.o
    0x08007190   0x00000208   Code   RO         2947    .text.mbed_minimal_formatted_string_double  BUILD/NUCLEO_F303K8/ARMC6/mbed-os/platform/source/minimal-printf/mbed_printf_implementation.o
    0x08007398   0x0000017c   Code   RO         2945    .text.mbed_minimal_formatted_string_integer  BUILD/NUCLEO_F303K8/ARMC6/mbed-os/platform/source/minimal-printf/mbed_printf_implementation.o
    0x08007514   0x0000003e   Code   RO         2951    .text.mbed_minimal_formatted_string_string  BUILD/NUCLEO_F303K8/ARMC6/mbed-os/platform/source/minimal-printf/mbed_printf_implementation.o
    0x08007552   0x00000002   PAD
    0x08007554   0x00000050   Code   RO         2953    .text.mbed_minimal_formatted_string_void_pointer  BUILD/NUCLEO_F303K8/ARMC6/mbed-os/platform/source/minimal-printf/mbed_printf_implementation.o
    0x080075a4   0x00000042   Code   RO         2949    .text.mbed_minimal_putchar  BUILD/NUCLEO_F303K8/ARMC6/mbed-os/platform/source/minimal-printf/mbed_printf_implementation.o
    0x080075e6   0x00000002   PAD
    0x080075e8   0x00000088   Code   RO         7044    .text.mbed_sdk_init  BUILD/NUCLEO_F303K8/ARMC6/mbed-os/targets/TARGET_STM/mbed_overrides.o
    0x08007670   0x00000008   Code   RO         2733    .text.mbed_toolchain_init  BUILD/NUCLEO_F303K8/ARMC6/mbed-os/platform/source/mbed_sdk_boot.o
    0x08007678   0x00000034   Code   RO         2943    .text.parse_string_to_integer  BUILD/NUCLEO_F303K8/ARMC6/mbed-os/platform/source/minimal-printf/mbed_printf_implementation.o
    0x080076ac   0x000000c4   Code   RO         7059    .text.pin_function  BUILD/NUCLEO_F303K8/ARMC6/mbed-os/targets/TARGET_STM/pinmap.o
    0x08007770   0x0000007c   Code   RO         7071    .text.pin_mode      BUILD/NUCLEO_F303K8/ARMC6/mbed-os/targets/TARGET_STM/pinmap.o
    0x080077ec   0x00000026   Code   RO         1501    .text.pinmap_find_function  BUILD/NUCLEO_F303K8/ARMC6/mbed-os/hal/source/mbed_pinmap_common.o
    0x08007812   0x00000002   PAD
    0x08007814   0x00000028   Code   RO         1497    .text.pinmap_find_peripheral  BUILD/NUCLEO_F303K8/ARMC6/mbed-os/hal/source/mbed_pinmap_common.o
    0x0800783c   0x00000048   Code   RO         1495    .text.pinmap_merge  BUILD/NUCLEO_F303K8/ARMC6/mbed-os/hal/source/mbed_pinmap_common.o
    0x08007884   0x0000005c   Code   RO         1499    .text.pinmap_peripheral  BUILD/NUCLEO_F303K8/ARMC6/mbed-os/hal/source/mbed_pinmap_common.o
    0x080078e0   0x00000164   Code   RO         2137    .text.print_context_info  BUILD/NUCLEO_F303K8/ARMC6/mbed-os/platform/source/TARGET_CORTEX_M/mbed_fault_handler.o
    0x08007a44   0x000001ac   Code   RO         2328    .text.print_error_report  BUILD/NUCLEO_F303K8/ARMC6/mbed-os/platform/source/mbed_error.o
    0x08007bf0   0x00000010   Code   RO         7116    .text.pwmout_free   BUILD/NUCLEO_F303K8/ARMC6/mbed-os/targets/TARGET_STM/pwmout_api.o
    0x08007c00   0x00000036   Code   RO         7112    .text.pwmout_init   BUILD/NUCLEO_F303K8/ARMC6/mbed-os/targets/TARGET_STM/pwmout_api.o
    0x08007c36   0x00000002   PAD
    0x08007c38   0x0000001c   Code   RO         7124    .text.pwmout_period  BUILD/NUCLEO_F303K8/ARMC6/mbed-os/targets/TARGET_STM/pwmout_api.o
    0x08007c54   0x00000148   Code   RO         7126    .text.pwmout_period_us  BUILD/NUCLEO_F303K8/ARMC6/mbed-os/targets/TARGET_STM/pwmout_api.o
    0x08007d9c   0x00000038   Code   RO         7122    .text.pwmout_read   BUILD/NUCLEO_F303K8/ARMC6/mbed-os/targets/TARGET_STM/pwmout_api.o
    0x08007dd4   0x00000004   PAD
    0x08007dd8   0x00000164   Code   RO         7118    .text.pwmout_write  BUILD/NUCLEO_F303K8/ARMC6/mbed-os/targets/TARGET_STM/pwmout_api.o
    0x08007f3c   0x000000d0   Code   RO         1552    .text.schedule_interrupt  BUILD/NUCLEO_F303K8/ARMC6/mbed-os/hal/source/mbed_ticker_api.o
    0x0800800c   0x00000018   Code   RO         7194    .text.serial_baud   BUILD/NUCLEO_F303K8/ARMC6/mbed-os/targets/TARGET_STM/serial_api.o
    0x08008024   0x000000d8   Code   RO         7188    .text.serial_init   BUILD/NUCLEO_F303K8/ARMC6/mbed-os/targets/TARGET_STM/serial_api.o
    0x080080fc   0x00000012   Code   RO         1622    .text.serial_init_direct  BUILD/NUCLEO_F303K8/ARMC6/mbed-os/hal/source/static_pinmap.o
    0x0800810e   0x00000002   PAD
    0x08008110   0x0000002a   Code   RO         6689    .text.serial_putc   BUILD/NUCLEO_F303K8/ARMC6/mbed-os/targets/TARGET_STM/TARGET_STM32F3/serial_device.o
    0x0800813a   0x00000002   PAD
    0x0800813c   0x0000001a   Code   RO         7212    .text.serial_writable  BUILD/NUCLEO_F303K8/ARMC6/mbed-os/targets/TARGET_STM/serial_api.o
    0x08008156   0x00000002   PAD
    0x08008158   0x00000006   Code   RO         1546    .text.set_handler   BUILD/NUCLEO_F303K8/ARMC6/mbed-os/hal/source/mbed_ticker_api.o
    0x0800815e   0x00000002   PAD
    0x08008160   0x00000058   Code   RO         2506    .text.sleep_manager_lock_deep_sleep_internal  BUILD/NUCLEO_F303K8/ARMC6/mbed-os/platform/source/mbed_power_mgmt.o
    0x080081b8   0x00000058   Code   RO         2508    .text.sleep_manager_unlock_deep_sleep_internal  BUILD/NUCLEO_F303K8/ARMC6/mbed-os/platform/source/mbed_power_mgmt.o
    0x08008210   0x00000016   Code   RO         7069    .text.stm_pin_PullConfig  BUILD/NUCLEO_F303K8/ARMC6/mbed-os/targets/TARGET_STM/pinmap.o
    0x08008226   0x00000002   PAD
    0x08008228   0x00000022   Code   RO         7063    .text.stm_pin_SetAFPin  BUILD/NUCLEO_F303K8/ARMC6/mbed-os/targets/TARGET_STM/pinmap.o
    0x0800824a   0x00000002   PAD
    0x0800824c   0x00000036   Code   RO         1560    .text.ticker_insert_event_us  BUILD/NUCLEO_F303K8/ARMC6/mbed-os/hal/source/mbed_ticker_api.o
    0x08008282   0x00000002   PAD
    0x08008284   0x0000006a   Code   RO         1548    .text.ticker_irq_handler  BUILD/NUCLEO_F303K8/ARMC6/mbed-os/hal/source/mbed_ticker_api.o
    0x080082ee   0x00000002   PAD
    0x080082f0   0x00000038   Code   RO         1562    .text.ticker_remove_event  BUILD/NUCLEO_F303K8/ARMC6/mbed-os/hal/source/mbed_ticker_api.o
    0x08008328   0x0000001c   Code   RO         1542    .text.ticker_set_handler  BUILD/NUCLEO_F303K8/ARMC6/mbed-os/hal/source/mbed_ticker_api.o
    0x08008344   0x00000034   Code   RO         7357    .text.timer_irq_handler  BUILD/NUCLEO_F303K8/ARMC6/mbed-os/targets/TARGET_STM/us_ticker.o
    0x08008378   0x00000088   Code   RO         1550    .text.update_present_time  BUILD/NUCLEO_F303K8/ARMC6/mbed-os/hal/source/mbed_ticker_api.o
    0x08008400   0x00000012   Code   RO         7377    .text.us_ticker_clear_interrupt  BUILD/NUCLEO_F303K8/ARMC6/mbed-os/targets/TARGET_STM/us_ticker.o
    0x08008412   0x00000002   PAD
    0x08008414   0x00000014   Code   RO         7375    .text.us_ticker_disable_interrupt  BUILD/NUCLEO_F303K8/ARMC6/mbed-os/targets/TARGET_STM/us_ticker.o
    0x08008428   0x00000022   Code   RO         7371    .text.us_ticker_fire_interrupt  BUILD/NUCLEO_F303K8/ARMC6/mbed-os/targets/TARGET_STM/us_ticker.o
    0x0800844a   0x00000002   PAD
    0x0800844c   0x0000000a   Code   RO         7355    .text.us_ticker_get_info  BUILD/NUCLEO_F303K8/ARMC6/mbed-os/targets/TARGET_STM/us_ticker.o
    0x08008456   0x00000002   PAD
    0x08008458   0x0000001c   Code   RO         7365    .text.us_ticker_init  BUILD/NUCLEO_F303K8/ARMC6/mbed-os/targets/TARGET_STM/us_ticker.o
    0x08008474   0x0000001e   Code   RO         1594    .text.us_ticker_irq_handler  BUILD/NUCLEO_F303K8/ARMC6/mbed-os/hal/source/mbed_us_ticker_api.o
    0x08008492   0x00000002   PAD
    0x08008494   0x0000000a   Code   RO         7367    .text.us_ticker_read  BUILD/NUCLEO_F303K8/ARMC6/mbed-os/targets/TARGET_STM/us_ticker.o
    0x0800849e   0x00000002   PAD
    0x080084a0   0x0000001c   Code   RO         7369    .text.us_ticker_set_interrupt  BUILD/NUCLEO_F303K8/ARMC6/mbed-os/targets/TARGET_STM/us_ticker.o
    0x080084bc   0x0000003c   Code   RO         2549    .text.write         BUILD/NUCLEO_F303K8/ARMC6/mbed-os/platform/source/mbed_retarget.o
    0x080084f8   0x00000008   Code   RO         7885    i.__aeabi_errno_addr  c:\Users\ASUS\AppData\Local\Mbed Studio\mbed-studio-tools\ac6\bin\..\lib\armlib\mc_w.l(errno.o)
    0x08008500   0x000000a0   Code   RO         7869    i.__aligned_malloc$2region  c:\Users\ASUS\AppData\Local\Mbed Studio\mbed-studio-tools\ac6\bin\..\lib\armlib\mc_w.l(malloca2.o)
    0x080085a0   0x00000050   Code   RO         7870    i.__free$memalign$2region  c:\Users\ASUS\AppData\Local\Mbed Studio\mbed-studio-tools\ac6\bin\..\lib\armlib\mc_w.l(malloca2.o)
    0x080085f0   0x0000006c   Code   RO         7797    i.__hardfp_ceilf    c:\Users\ASUS\AppData\Local\Mbed Studio\mbed-studio-tools\ac6\bin\..\lib\armlib\m_wm.l(ceilf.o)
    0x0800865c   0x00000006   Code   RO         7871    i.__malloc$memalign$2region  c:\Users\ASUS\AppData\Local\Mbed Studio\mbed-studio-tools\ac6\bin\..\lib\armlib\mc_w.l(malloca2.o)
    0x08008662   0x0000000e   Code   RO         8355    i.__scatterload_copy  c:\Users\ASUS\AppData\Local\Mbed Studio\mbed-studio-tools\ac6\bin\..\lib\armlib\mc_w.l(handlers.o)
    0x08008670   0x00000002   Code   RO         8356    i.__scatterload_null  c:\Users\ASUS\AppData\Local\Mbed Studio\mbed-studio-tools\ac6\bin\..\lib\armlib\mc_w.l(handlers.o)
    0x08008672   0x0000000e   Code   RO         8357    i.__scatterload_zeroinit  c:\Users\ASUS\AppData\Local\Mbed Studio\mbed-studio-tools\ac6\bin\..\lib\armlib\mc_w.l(handlers.o)
    0x08008680   0x00000018   Code   RO         7812    i._fflush$full      c:\Users\ASUS\AppData\Local\Mbed Studio\mbed-studio-tools\ac6\bin\..\lib\armlib\mc_w.l(fflush_f.o)
    0x08008698   0x00000000   Data   RO         2741    .rodata             BUILD/NUCLEO_F303K8/ARMC6/mbed-os/platform/source/mbed_sdk_boot.o
    0x08008698   0x00000010   Data   RO         6564    .rodata.AHBPrescTable  BUILD/NUCLEO_F303K8/ARMC6/mbed-os/targets/TARGET_STM/TARGET_STM32F3/STM32Cube_FW/system_stm32f3xx.o
    0x080086a8   0x00000008   Data   RO         6565    .rodata.APBPrescTable  BUILD/NUCLEO_F303K8/ARMC6/mbed-os/targets/TARGET_STM/TARGET_STM32F3/STM32Cube_FW/system_stm32f3xx.o
    0x080086b0   0x00000018   Data   RO         6588    .rodata.PinMap_CAN_RD  BUILD/NUCLEO_F303K8/ARMC6/mbed-os/targets/TARGET_STM/TARGET_STM32F3/TARGET_STM32F303x8/TARGET_NUCLEO_F303K8/PeripheralPins.o
    0x080086c8   0x00000018   Data   RO         6589    .rodata.PinMap_CAN_TD  BUILD/NUCLEO_F303K8/ARMC6/mbed-os/targets/TARGET_STM/TARGET_STM32F3/TARGET_STM32F303x8/TARGET_NUCLEO_F303K8/PeripheralPins.o
    0x080086e0   0x0000015c   Data   RO         6579    .rodata.PinMap_PWM  BUILD/NUCLEO_F303K8/ARMC6/mbed-os/targets/TARGET_STM/TARGET_STM32F3/TARGET_STM32F303x8/TARGET_NUCLEO_F303K8/PeripheralPins.o
    0x0800883c   0x00000048   Data   RO         6581    .rodata.PinMap_UART_RX  BUILD/NUCLEO_F303K8/ARMC6/mbed-os/targets/TARGET_STM/TARGET_STM32F3/TARGET_STM32F303x8/TARGET_NUCLEO_F303K8/PeripheralPins.o
    0x08008884   0x00000048   Data   RO         6580    .rodata.PinMap_UART_TX  BUILD/NUCLEO_F303K8/ARMC6/mbed-os/targets/TARGET_STM/TARGET_STM32F3/TARGET_STM32F303x8/TARGET_NUCLEO_F303K8/PeripheralPins.o
    0x080088cc   0x000000c0   Data   RO         7695    .rodata._ZNSt3__212_GLOBAL__N_112small_primesE  c:\Users\ASUS\AppData\Local\Mbed Studio\mbed-studio-tools\ac6\bin\..\lib\libcxx\libcpp_w.l(hash.cpp.o)
    0x0800898c   0x000000c0   Data   RO         7696    .rodata._ZNSt3__212_GLOBAL__N_17indicesE  c:\Users\ASUS\AppData\Local\Mbed Studio\mbed-studio-tools\ac6\bin\..\lib\libcxx\libcpp_w.l(hash.cpp.o)
    0x08008a4c   0x00000001   Data   RO           36    .rodata._ZNSt3__2L19piecewise_constructE  BUILD/NUCLEO_F303K8/ARMC6/main.o
    0x08008a4d   0x00000003   PAD
    0x08008a50   0x0000000c   Data   RO         1124    .rodata._ZTVN4mbed10TickerBaseE  BUILD/NUCLEO_F303K8/ARMC6/mbed-os/drivers/source/Ticker.o
    0x08008a5c   0x0000000c   Data   RO         1235    .rodata._ZTVN4mbed10TimerEventE  BUILD/NUCLEO_F303K8/ARMC6/mbed-os/drivers/source/TimerEvent.o
    0x08008a68   0x00000010   Data   RO          712    .rodata._ZTVN4mbed11InterruptInE  BUILD/NUCLEO_F303K8/ARMC6/mbed-os/drivers/source/InterruptIn.o
    0x08008a78   0x00000018   Data   RO          510    .rodata._ZTVN4mbed3CANE  BUILD/NUCLEO_F303K8/ARMC6/mbed-os/drivers/source/CAN.o
    0x08008a90   0x0000000c   Data   RO         1136    .rodata._ZTVN4mbed6TickerE  BUILD/NUCLEO_F303K8/ARMC6/mbed-os/drivers/source/Ticker.o
    0x08008a9c   0x0000001c   Data   RO          115    .rodata._ZTVNSt3__220__shared_ptr_emplaceI10ControllerNS_9allocatorIS1_EEEE  BUILD/NUCLEO_F303K8/ARMC6/main.o
    0x08008ab8   0x0000001c   Data   RO         7589    .rodata._ZTVNSt3__220__shared_ptr_emplaceI3MapNS_9allocatorIS1_EEEE  BUILD/NUCLEO_F303K8/ARMC6/src/Controller.o
    0x08008ad4   0x0000001c   Data   RO         7585    .rodata._ZTVNSt3__220__shared_ptr_emplaceI3PIDNS_9allocatorIS1_EEEE  BUILD/NUCLEO_F303K8/ARMC6/src/Controller.o
    0x08008af0   0x0000001c   Data   RO         7586    .rodata._ZTVNSt3__220__shared_ptr_emplaceI3QEINS_9allocatorIS1_EEEE  BUILD/NUCLEO_F303K8/ARMC6/src/Controller.o
    0x08008b0c   0x0000001c   Data   RO         7588    .rodata._ZTVNSt3__220__shared_ptr_emplaceI5MotorNS_9allocatorIS1_EEEE  BUILD/NUCLEO_F303K8/ARMC6/src/Controller.o
    0x08008b28   0x0000001c   Data   RO         7587    .rodata._ZTVNSt3__220__shared_ptr_emplaceIN4mbed11InterruptInENS_9allocatorIS2_EEEE  BUILD/NUCLEO_F303K8/ARMC6/src/Controller.o
    0x08008b44   0x00000018   Data   RO         2660    .rodata._ZZL14do_serial_initvE14console_pinmap  BUILD/NUCLEO_F303K8/ARMC6/mbed-os/platform/source/mbed_retarget.o
    0x08008b5c   0x00000010   Data   RO         4741    .rodata.aPLLMULFactorTable  BUILD/NUCLEO_F303K8/ARMC6/mbed-os/targets/TARGET_STM/TARGET_STM32F3/STM32Cube_FW/STM32F3xx_HAL_Driver/stm32f3xx_hal_rcc.o
    0x08008b6c   0x00000010   Data   RO         4742    .rodata.aPredivFactorTable  BUILD/NUCLEO_F303K8/ARMC6/mbed-os/targets/TARGET_STM/TARGET_STM32F3/STM32Cube_FW/STM32F3xx_HAL_Driver/stm32f3xx_hal_rcc.o
    0x08008b7c   0x00000040   Data   RO         7081    .rodata.ll_pin_defines  BUILD/NUCLEO_F303K8/ARMC6/mbed-os/targets/TARGET_STM/pinmap.o
    0x08008bbc   0x000000c0   Data   RO         6650    .rodata.pin_lines_desc  BUILD/NUCLEO_F303K8/ARMC6/mbed-os/targets/TARGET_STM/TARGET_STM32F3/gpio_irq_device.o
    0x08008c7c   0x00000038   Data   RO         6665    .rodata.pwm_apb_map_table  BUILD/NUCLEO_F303K8/ARMC6/mbed-os/targets/TARGET_STM/TARGET_STM32F3/pwmout_device.o
    0x08008cb4   0x000000e0   Data   RO         2141    .rodata.str1.1      BUILD/NUCLEO_F303K8/ARMC6/mbed-os/platform/source/TARGET_CORTEX_M/mbed_fault_handler.o
    0x08008d94   0x000000f2   Data   RO         2374    .rodata.str1.1      BUILD/NUCLEO_F303K8/ARMC6/mbed-os/platform/source/mbed_error.o
    0x08008e86   0x000000b0   Data   RO         2655    .rodata.str1.1      BUILD/NUCLEO_F303K8/ARMC6/mbed-os/platform/source/mbed_retarget.o
    0x08008f36   0x00000041   Data   RO         7143    .rodata.str1.1      BUILD/NUCLEO_F303K8/ARMC6/mbed-os/targets/TARGET_STM/pwmout_api.o
    0x08008f77   0x0000002a   Data   RO         7228    .rodata.str1.1      BUILD/NUCLEO_F303K8/ARMC6/mbed-os/targets/TARGET_STM/serial_api.o
    0x08008fa1   0x00000045   Data   RO         7443    .rodata.str1.1      BUILD/NUCLEO_F303K8/ARMC6/src/CAN_Communication.o
    0x08008fe6   0x00000002   PAD
    0x08008fe8   0x000000b8   Data   RO         6811    .rodata.timing_pts  BUILD/NUCLEO_F303K8/ARMC6/mbed-os/targets/TARGET_STM/can_api.o
    0x080090a0   0x00000008   Data   RO         1598    .rodata.us_data     BUILD/NUCLEO_F303K8/ARMC6/mbed-os/hal/source/mbed_us_ticker_api.o
    0x080090a8   0x00000024   Data   RO         1600    .rodata.us_interface  BUILD/NUCLEO_F303K8/ARMC6/mbed-os/hal/source/mbed_us_ticker_api.o
    0x080090cc   0x00000008   Data   RO         7385    .rodata.us_ticker_get_info.info  BUILD/NUCLEO_F303K8/ARMC6/mbed-os/targets/TARGET_STM/us_ticker.o
    0x080090d4   0x00000020   Data   RO         8354    Region$$Table       anon$$obj.o
    0x080090f4   0x00000004   Data   RO           37    .init_array         BUILD/NUCLEO_F303K8/ARMC6/main.o
    0x080090f8   0x00000000   Data   RO         7899    .init_array         c:\Users\ASUS\AppData\Local\Mbed Studio\mbed-studio-tools\ac6\bin\..\lib\armlib\mc_w.l(cpp_init.o)


    Execution Region RW_IRAM1 (Base: 0x20000188, Size: 0x00000778, Max: 0xffffffff, ABSOLUTE)

    Base Addr    Size         Type   Attr      Idx    E Section Name        Object

    0x20000188   0x00000004   Data   RW         7888    .data               c:\Users\ASUS\AppData\Local\Mbed Studio\mbed-studio-tools\ac6\bin\..\lib\armlib\mc_w.l(errno.o)
    0x2000018c   0x00000004   Data   RW         8280    .data               c:\Users\ASUS\AppData\Local\Mbed Studio\mbed-studio-tools\ac6\bin\..\lib\armlib\mc_w.l(mvars.o)
    0x20000190   0x00000004   Data   RW         8281    .data               c:\Users\ASUS\AppData\Local\Mbed Studio\mbed-studio-tools\ac6\bin\..\lib\armlib\mc_w.l(mvars.o)
    0x20000194   0x00000004   Data   RW         6563    .data.SystemCoreClock  BUILD/NUCLEO_F303K8/ARMC6/mbed-os/targets/TARGET_STM/TARGET_STM32F3/STM32Cube_FW/system_stm32f3xx.o
    0x20000198   0x00000004   Data   RW         1599    .data.irq_handler   BUILD/NUCLEO_F303K8/ARMC6/mbed-os/hal/source/mbed_us_ticker_api.o
    0x2000019c   0x0000000c   Data   RW           30    .data.motor_struct  BUILD/NUCLEO_F303K8/ARMC6/main.o
    0x200001a8   0x00000004   Data   RW         3770    .data.uwTickPrio    BUILD/NUCLEO_F303K8/ARMC6/mbed-os/targets/TARGET_STM/TARGET_STM32F3/STM32Cube_FW/STM32F3xx_HAL_Driver/stm32f3xx_hal.o
    0x200001ac   0x00000014   Zero   RW         7830    .bss                c:\Users\ASUS\AppData\Local\Mbed Studio\mbed-studio-tools\ac6\bin\..\lib\armlib\mc_w.l(stdout_f.o)
    0x200001c0   0x00000014   Zero   RW         7831    .bss                c:\Users\ASUS\AppData\Local\Mbed Studio\mbed-studio-tools\ac6\bin\..\lib\armlib\mc_w.l(stderr_f.o)
    0x200001d4   0x0000004c   Zero   RW         7142    .bss.TimHandle      BUILD/NUCLEO_F303K8/ARMC6/mbed-os/targets/TARGET_STM/pwmout_api.o
    0x20000220   0x0000004c   Zero   RW         7386    .bss.TimMasterHandle  BUILD/NUCLEO_F303K8/ARMC6/mbed-os/targets/TARGET_STM/us_ticker.o
    0x2000026c   0x00000008   Zero   RW           28    .bss.VFM            BUILD/NUCLEO_F303K8/ARMC6/main.o
    0x20000274   0x00000003   Zero   RW         2653    .bss._ZL14stdio_out_prev  BUILD/NUCLEO_F303K8/ARMC6/mbed-os/platform/source/mbed_retarget.o
    0x20000277   0x00000001   PAD
    0x20000278   0x00000004   Zero   RW         2659    .bss._ZZL19do_serial_init_oncevE4once  BUILD/NUCLEO_F303K8/ARMC6/mbed-os/platform/source/mbed_retarget.o
    0x2000027c   0x000000e8   Zero   RW           27    .bss.can            BUILD/NUCLEO_F303K8/ARMC6/main.o
    0x20000364   0x00000004   Zero   RW         6810    .bss.can_irq_ids    BUILD/NUCLEO_F303K8/ARMC6/mbed-os/targets/TARGET_STM/can_api.o
    0x20000368   0x00000214   Zero   RW         6891    .bss.channels       BUILD/NUCLEO_F303K8/ARMC6/mbed-os/targets/TARGET_STM/gpio_irq_api.o
    0x2000057c   0x00000034   Zero   RW           29    .bss.controller_struct  BUILD/NUCLEO_F303K8/ARMC6/main.o
    0x200005b0   0x0000000c   Zero   RW           31    .bss.controller_vector  BUILD/NUCLEO_F303K8/ARMC6/main.o
    0x200005bc   0x00000001   Zero   RW         1439    .bss.critical_interrupts_enabled  BUILD/NUCLEO_F303K8/ARMC6/mbed-os/hal/source/mbed_critical_section_api.o
    0x200005bd   0x00000003   PAD
    0x200005c0   0x00000004   Zero   RW         2315    .bss.critical_section_reentrancy_counter  BUILD/NUCLEO_F303K8/ARMC6/mbed-os/platform/source/mbed_critical.o
    0x200005c4   0x00000002   Zero   RW         2516    .bss.deep_sleep_lock  BUILD/NUCLEO_F303K8/ARMC6/mbed-os/platform/source/mbed_power_mgmt.o
    0x200005c6   0x00000002   PAD
    0x200005c8   0x00000004   Zero   RW         2371    .bss.error_count    BUILD/NUCLEO_F303K8/ARMC6/mbed-os/platform/source/mbed_error.o
    0x200005cc   0x00000004   Zero   RW         2372    .bss.error_hook     BUILD/NUCLEO_F303K8/ARMC6/mbed-os/platform/source/mbed_error.o
    0x200005d0   0x00000038   Zero   RW         1601    .bss.events         BUILD/NUCLEO_F303K8/ARMC6/mbed-os/hal/source/mbed_us_ticker_api.o
    0x20000608   0x00000034   Zero   RW         2370    .bss.first_error_ctx  BUILD/NUCLEO_F303K8/ARMC6/mbed-os/platform/source/mbed_error.o
    0x2000063c   0x00000001   Zero   RW         2373    .bss.halt_in_progress  BUILD/NUCLEO_F303K8/ARMC6/mbed-os/platform/source/mbed_error.o
    0x2000063d   0x00000003   PAD
    0x20000640   0x00000014   Zero   RW           32    .bss.id_map         BUILD/NUCLEO_F303K8/ARMC6/main.o
    0x20000654   0x00000002   Zero   RW         6890    .bss.irq_channel_used  BUILD/NUCLEO_F303K8/ARMC6/mbed-os/targets/TARGET_STM/gpio_irq_api.o
    0x20000656   0x00000002   PAD
    0x20000658   0x00000004   Zero   RW         6809    .bss.irq_handler    BUILD/NUCLEO_F303K8/ARMC6/mbed-os/targets/TARGET_STM/can_api.o
    0x2000065c   0x00000004   Zero   RW         6892    .bss.irq_handler    BUILD/NUCLEO_F303K8/ARMC6/mbed-os/targets/TARGET_STM/gpio_irq_api.o
    0x20000660   0x00000034   Zero   RW         2369    .bss.last_error_ctx  BUILD/NUCLEO_F303K8/ARMC6/mbed-os/platform/source/mbed_error.o
    0x20000694   0x0000001c   Zero   RW           26    .bss.led1           BUILD/NUCLEO_F303K8/ARMC6/main.o
    0x200006b0   0x00000001   Zero   RW         2368    .bss.mbed_error_in_progress  BUILD/NUCLEO_F303K8/ARMC6/mbed-os/platform/source/mbed_error.o
    0x200006b1   0x00000003   PAD
    0x200006b4   0x00000054   Zero   RW         2142    .bss.mbed_fault_context  BUILD/NUCLEO_F303K8/ARMC6/mbed-os/platform/source/TARGET_CORTEX_M/mbed_fault_handler.o
    0x20000708   0x00000004   Zero   RW         2650    .bss.mbed_heap_size  BUILD/NUCLEO_F303K8/ARMC6/mbed-os/platform/source/mbed_retarget.o
    0x2000070c   0x00000004   Zero   RW         2649    .bss.mbed_heap_start  BUILD/NUCLEO_F303K8/ARMC6/mbed-os/platform/source/mbed_retarget.o
    0x20000710   0x00000004   Zero   RW         7050    .bss.mbed_sdk_inited  BUILD/NUCLEO_F303K8/ARMC6/mbed-os/targets/TARGET_STM/mbed_overrides.o
    0x20000714   0x00000004   Zero   RW         2740    .bss.mbed_stack_isr_size  BUILD/NUCLEO_F303K8/ARMC6/mbed-os/platform/source/mbed_sdk_boot.o
    0x20000718   0x00000004   Zero   RW         2739    .bss.mbed_stack_isr_start  BUILD/NUCLEO_F303K8/ARMC6/mbed-os/platform/source/mbed_sdk_boot.o
    0x2000071c   0x00000002   Zero   RW         6910    .bss.prev_tick_remainder  BUILD/NUCLEO_F303K8/ARMC6/mbed-os/targets/TARGET_STM/hal_tick_overrides.o
    0x2000071e   0x00000002   PAD
    0x20000720   0x00000004   Zero   RW         6909    .bss.prev_time      BUILD/NUCLEO_F303K8/ARMC6/mbed-os/targets/TARGET_STM/hal_tick_overrides.o
    0x20000724   0x00000010   Zero   RW           33    .bss.request_msg    BUILD/NUCLEO_F303K8/ARMC6/main.o
    0x20000734   0x00000010   Zero   RW           34    .bss.response_msg   BUILD/NUCLEO_F303K8/ARMC6/main.o
    0x20000744   0x00000001   Zero   RW         1438    .bss.state_saved    BUILD/NUCLEO_F303K8/ARMC6/mbed-os/hal/source/mbed_critical_section_api.o
    0x20000745   0x00000003   PAD
    0x20000748   0x00000024   Zero   RW         7227    .bss.stdio_uart     BUILD/NUCLEO_F303K8/ARMC6/mbed-os/targets/TARGET_STM/serial_api.o
    0x2000076c   0x00000004   Zero   RW         7226    .bss.stdio_uart_inited  BUILD/NUCLEO_F303K8/ARMC6/mbed-os/targets/TARGET_STM/serial_api.o
    0x20000770   0x00000004   Zero   RW         6911    .bss.total_ticks    BUILD/NUCLEO_F303K8/ARMC6/mbed-os/targets/TARGET_STM/hal_tick_overrides.o
    0x20000774   0x0000018c   Zero   RW         6703    .bss.uart_handlers  BUILD/NUCLEO_F303K8/ARMC6/mbed-os/targets/TARGET_STM/TARGET_STM32F3/serial_device.o


    Execution Region ARM_LIB_HEAP (Base: 0x20000900, Size: 0x00001700, Max: 0x00001700, ABSOLUTE)

    Base Addr    Size         Type   Attr      Idx    E Section Name        Object

    0x20000900   0x00001700   Zero   RW            1    ARM_LIB_HEAP.bss    anon$$obj.o


    Execution Region ARM_LIB_STACK (Base: 0x20002000, Size: 0x00001000, Max: 0x00001000, ABSOLUTE)

    Base Addr    Size         Type   Attr      Idx    E Section Name        Object

    0x20002000   0x00001000   Zero   RW            2    ARM_LIB_STACK.bss   anon$$obj.o


==============================================================================

Image component sizes


      Code (inc. data)   RO Data    RW Data    ZI Data      Debug   

     30134       2872       2664         24      11820    1208766   Object Totals
         0          0         32          0       9984          0   (incl. Generated)
       402          8          5          0         19          0   (incl. Padding)
      3930        108        384         12         40       3356   Library Totals
         8          0          0          0          0          0   (incl. Padding)

==============================================================================


      Code (inc. data)   RO Data    RW Data    ZI Data      Debug   

     34064       2980       3048         36      11860    1209590   Grand Totals
     34064       2980       3048         36      11860    1209590   ELF Image Totals
     34064       2980       3048         36          0          0   ROM Totals

==============================================================================

    Total RO  Size (Code + RO Data)                37112 (  36.24kB)
    Total RW  Size (RW Data + ZI Data)             11896 (  11.62kB)
    Total ROM Size (Code + RO Data + RW Data)      37148 (  36.28kB)

==============================================================================

